Component: ARM Compiler 5.06 update 6 (build 750) Tool: armlink [4d35ed]

==============================================================================

Section Cross References

    boards.o(i.bsp_board_button_idx_to_pin) refers to boards.o(.constdata) for .constdata
    boards.o(i.bsp_board_button_state_get) refers to boards.o(.constdata) for .constdata
    boards.o(i.bsp_board_init) refers to boards.o(i.nrf_gpio_cfg) for nrf_gpio_cfg
    boards.o(i.bsp_board_init) refers to boards.o(i.bsp_board_leds_off) for bsp_board_leds_off
    boards.o(i.bsp_board_init) refers to boards.o(.constdata) for .constdata
    boards.o(i.bsp_board_led_idx_to_pin) refers to boards.o(.constdata) for .constdata
    boards.o(i.bsp_board_led_invert) refers to boards.o(.constdata) for .constdata
    boards.o(i.bsp_board_led_off) refers to boards.o(i.nrf_gpio_pin_write) for nrf_gpio_pin_write
    boards.o(i.bsp_board_led_off) refers to boards.o(.constdata) for .constdata
    boards.o(i.bsp_board_led_on) refers to boards.o(i.nrf_gpio_pin_write) for nrf_gpio_pin_write
    boards.o(i.bsp_board_led_on) refers to boards.o(.constdata) for .constdata
    boards.o(i.bsp_board_led_state_get) refers to boards.o(.constdata) for .constdata
    boards.o(i.bsp_board_leds_off) refers to boards.o(i.bsp_board_led_off) for bsp_board_led_off
    boards.o(i.bsp_board_leds_on) refers to boards.o(i.bsp_board_led_on) for bsp_board_led_on
    boards.o(i.bsp_board_pin_to_button_idx) refers to boards.o(.constdata) for .constdata
    boards.o(i.bsp_board_pin_to_led_idx) refers to boards.o(.constdata) for .constdata
    bsp.o(i.alert_timer_handler) refers to boards.o(i.bsp_board_led_invert) for bsp_board_led_invert
    bsp.o(i.bsp_button_event_handler) refers to boards.o(i.bsp_board_pin_to_button_idx) for bsp_board_pin_to_button_idx
    bsp.o(i.bsp_button_event_handler) refers to app_timer2.o(i.app_timer_start) for app_timer_start
    bsp.o(i.bsp_button_event_handler) refers to app_timer2.o(i.app_timer_stop) for app_timer_stop
    bsp.o(i.bsp_button_event_handler) refers to bsp.o(.constdata) for .constdata
    bsp.o(i.bsp_button_event_handler) refers to bsp.o(.data) for .data
    bsp.o(i.bsp_button_event_handler) refers to bsp.o(.bss) for .bss
    bsp.o(i.bsp_button_is_pressed) refers to boards.o(i.bsp_board_button_state_get) for bsp_board_button_state_get
    bsp.o(i.bsp_buttons_disable) refers to app_button.o(i.app_button_disable) for app_button_disable
    bsp.o(i.bsp_buttons_enable) refers to app_button.o(i.app_button_enable) for app_button_enable
    bsp.o(i.bsp_event_to_button_action_assign) refers to bsp.o(.bss) for .bss
    bsp.o(i.bsp_indication_set) refers to bsp.o(i.bsp_led_indication) for bsp_led_indication
    bsp.o(i.bsp_indication_set) refers to bsp.o(.data) for .data
    bsp.o(i.bsp_init) refers to bsp.o(i.bsp_event_to_button_action_assign) for bsp_event_to_button_action_assign
    bsp.o(i.bsp_init) refers to app_button.o(i.app_button_init) for app_button_init
    bsp.o(i.bsp_init) refers to app_button.o(i.app_button_enable) for app_button_enable
    bsp.o(i.bsp_init) refers to app_timer2.o(i.app_timer_create) for app_timer_create
    bsp.o(i.bsp_init) refers to boards.o(i.bsp_board_init) for bsp_board_init
    bsp.o(i.bsp_init) refers to bsp.o(.data) for .data
    bsp.o(i.bsp_init) refers to bsp.o(.constdata) for .constdata
    bsp.o(i.bsp_init) refers to bsp.o(i.button_timer_handler) for button_timer_handler
    bsp.o(i.bsp_init) refers to bsp.o(i.leds_timer_handler) for leds_timer_handler
    bsp.o(i.bsp_init) refers to bsp.o(i.alert_timer_handler) for alert_timer_handler
    bsp.o(i.bsp_led_indication) refers to bsp.o(i.leds_off) for leds_off
    bsp.o(i.bsp_led_indication) refers to app_timer2.o(i.app_timer_stop) for app_timer_stop
    bsp.o(i.bsp_led_indication) refers to boards.o(i.bsp_board_led_state_get) for bsp_board_led_state_get
    bsp.o(i.bsp_led_indication) refers to boards.o(i.bsp_board_led_off) for bsp_board_led_off
    bsp.o(i.bsp_led_indication) refers to boards.o(i.bsp_board_led_on) for bsp_board_led_on
    bsp.o(i.bsp_led_indication) refers to uldiv.o(.text) for __aeabi_uldivmod
    bsp.o(i.bsp_led_indication) refers to app_timer2.o(i.app_timer_start) for app_timer_start
    bsp.o(i.bsp_led_indication) refers to boards.o(i.bsp_board_led_invert) for bsp_board_led_invert
    bsp.o(i.bsp_led_indication) refers to boards.o(i.bsp_board_leds_on) for bsp_board_leds_on
    bsp.o(i.bsp_led_indication) refers to bsp.o(.data) for .data
    bsp.o(i.bsp_led_indication) refers to bsp.o(.constdata) for .constdata
    bsp.o(i.bsp_wakeup_button_disable) refers to bsp.o(i.wakeup_button_cfg) for wakeup_button_cfg
    bsp.o(i.bsp_wakeup_button_enable) refers to bsp.o(i.wakeup_button_cfg) for wakeup_button_cfg
    bsp.o(i.button_timer_handler) refers to bsp.o(i.bsp_button_event_handler) for bsp_button_event_handler
    bsp.o(i.leds_off) refers to boards.o(i.bsp_board_led_off) for bsp_board_led_off
[...]
    i.nrf_gpiote_event_is_set                0x00003840   Section        0  nrfx_gpiote.o(i.nrf_gpiote_event_is_set)
    nrf_gpiote_event_is_set                  0x00003841   Thumb Code    12  nrfx_gpiote.o(i.nrf_gpiote_event_is_set)
    i.nrf_hw_backend_init                    0x00003850   Section        0  nrf_hw_backend_init.o(i.nrf_hw_backend_init)
    nrf_hw_backend_init                      0x00003851   Thumb Code     8  nrf_hw_backend_init.o(i.nrf_hw_backend_init)
    i.nrf_hw_backend_uninit                  0x00003858   Section        0  nrf_hw_backend_init.o(i.nrf_hw_backend_uninit)
    nrf_hw_backend_uninit                    0x00003859   Thumb Code     4  nrf_hw_backend_init.o(i.nrf_hw_backend_uninit)
    i.nrf_i2s_event_check                    0x0000385c   Section        0  nrfx_i2s.o(i.nrf_i2s_event_check)
    nrf_i2s_event_check                      0x0000385d   Thumb Code    10  nrfx_i2s.o(i.nrf_i2s_event_check)
    i.nrf_i2s_event_clear                    0x00003866   Section        0  nrfx_i2s.o(i.nrf_i2s_event_clear)
    nrf_i2s_event_clear                      0x00003867   Thumb Code    12  nrfx_i2s.o(i.nrf_i2s_event_clear)
    i.nrf_memobj_read                        0x00003872   Section        0  nrf_memobj.o(i.nrf_memobj_read)
    i.nrf_pdm_event_check                    0x00003884   Section        0  nrfx_pdm.o(i.nrf_pdm_event_check)
    nrf_pdm_event_check                      0x00003885   Thumb Code    12  nrfx_pdm.o(i.nrf_pdm_event_check)
    i.nrf_pdm_event_clear                    0x00003894   Section        0  nrfx_pdm.o(i.nrf_pdm_event_clear)
    nrf_pdm_event_clear                      0x00003895   Thumb Code    16  nrfx_pdm.o(i.nrf_pdm_event_clear)
    i.nrf_power_event_get_and_clear          0x000038a8   Section        0  nrfx_power.o(i.nrf_power_event_get_and_clear)
    nrf_power_event_get_and_clear            0x000038a9   Thumb Code    28  nrfx_power.o(i.nrf_power_event_get_and_clear)
    i.nrf_pwm_event_check                    0x000038c4   Section        0  nrfx_pwm.o(i.nrf_pwm_event_check)
    nrf_pwm_event_check                      0x000038c5   Thumb Code    10  nrfx_pwm.o(i.nrf_pwm_event_check)
    i.nrf_pwm_event_clear                    0x000038ce   Section        0  nrfx_pwm.o(i.nrf_pwm_event_clear)
    nrf_pwm_event_clear                      0x000038cf   Thumb Code    12  nrfx_pwm.o(i.nrf_pwm_event_clear)
    i.nrf_queue_is_full                      0x000038da   Section        0  nrf_queue.o(i.nrf_queue_is_full)
    i.nrf_queue_max_utilization_get          0x000038f8   Section        0  nrf_queue.o(i.nrf_queue_max_utilization_get)
    i.nrf_queue_max_utilization_reset        0x000038fe   Section        0  nrf_queue.o(i.nrf_queue_max_utilization_reset)
    i.nrf_queue_next_idx                     0x00003906   Section        0  nrf_queue.o(i.nrf_queue_next_idx)
    nrf_queue_next_idx                       0x00003907   Thumb Code    14  nrf_queue.o(i.nrf_queue_next_idx)
    i.nrf_queue_push                         0x00003914   Section        0  nrf_queue.o(i.nrf_queue_push)
    i.nrf_queue_read                         0x000039c0   Section        0  nrf_queue.o(i.nrf_queue_read)
    i.nrf_queue_reset                        0x000039fa   Section        0  nrf_queue.o(i.nrf_queue_reset)
    i.nrf_queue_status                       0x00003a18   Section        0  nrf_queue.o(i.nrf_queue_status)
    nrf_queue_status                         0x00003a19   Thumb Code   168  nrf_queue.o(i.nrf_queue_status)
    i.nrf_queue_utilization_get              0x00003af8   Section        0  nrf_queue.o(i.nrf_queue_utilization_get)
    i.nrf_rtc_event_clear                    0x00003b14   Section        0  nrfx_rtc.o(i.nrf_rtc_event_clear)
    nrf_rtc_event_clear                      0x00003b15   Thumb Code    12  nrfx_rtc.o(i.nrf_rtc_event_clear)
    i.nrf_saadc_buffer_init                  0x00003b20   Section        0  nrfx_saadc.o(i.nrf_saadc_buffer_init)
    nrf_saadc_buffer_init                    0x00003b21   Thumb Code    10  nrfx_saadc.o(i.nrf_saadc_buffer_init)
    i.nrf_saadc_event_check                  0x00003b30   Section        0  nrfx_saadc.o(i.nrf_saadc_event_check)
    nrf_saadc_event_check                    0x00003b31   Thumb Code    12  nrfx_saadc.o(i.nrf_saadc_event_check)
    i.nrf_saadc_event_clear                  0x00003b40   Section        0  nrfx_saadc.o(i.nrf_saadc_event_clear)
    nrf_saadc_event_clear                    0x00003b41   Thumb Code    16  nrfx_saadc.o(i.nrf_saadc_event_clear)
    i.nrf_stack_info_overflowed              0x00003b54   Section        0  nrf_crypto_rng.o(i.nrf_stack_info_overflowed)
    nrf_stack_info_overflowed                0x00003b55   Thumb Code    16  nrf_crypto_rng.o(i.nrf_stack_info_overflowed)
    i.nrf_timer_event_clear                  0x00003b68   Section        0  nrfx_timer.o(i.nrf_timer_event_clear)
    nrf_timer_event_clear                    0x00003b69   Thumb Code    12  nrfx_timer.o(i.nrf_timer_event_clear)
    i.nrfx_clock_irq_handler                 0x00003b74   Section        0  nrfx_clock.o(i.nrfx_clock_irq_handler)
    i.nrfx_power_irq_handler                 0x00003bcc   Section        0  nrfx_power.o(i.nrfx_power_irq_handler)
    i.nrfx_rng_handler                       0x00003c20   Section        0  nrf_drv_rng.o(i.nrfx_rng_handler)
    nrfx_rng_handler                         0x00003c21   Thumb Code    26  nrf_drv_rng.o(i.nrfx_rng_handler)
    i.nrfx_rng_init                          0x00003c40   Section        0  nrfx_rng.o(i.nrfx_rng_init)
    i.nrfx_rng_start                         0x00003c98   Section        0  nrfx_rng.o(i.nrfx_rng_start)
    i.nrfx_rng_stop                          0x00003cb8   Section        0  nrfx_rng.o(i.nrfx_rng_stop)
    i.nrfx_rng_uninit                        0x00003ccc   Section        0  nrfx_rng.o(i.nrfx_rng_uninit)
    i.page_offsets_update                    0x00003cfc   Section        0  fds.o(i.page_offsets_update)
    page_offsets_update                      0x00003cfd   Thumb Code    28  fds.o(i.page_offsets_update)
    i.page_tag_write_data                    0x00003d18   Section        0  fds.o(i.page_tag_write_data)
    page_tag_write_data                      0x00003d19   Thumb Code    20  fds.o(i.page_tag_write_data)
    i.page_tag_write_swap                    0x00003d34   Section        0  fds.o(i.page_tag_write_swap)
    page_tag_write_swap                      0x00003d35   Thumb Code    22  fds.o(i.page_tag_write_swap)
    i.port_event_handle                      0x00003d58   Section        0  nrfx_gpiote.o(i.port_event_handle)
    port_event_handle                        0x00003d59   Thumb Code   176  nrfx_gpiote.o(i.port_event_handle)
    i.port_handler_polarity_get              0x00003e0c   Section        0  nrfx_gpiote.o(i.port_handler_polarity_get)
    port_handler_polarity_get                0x00003e0d   Thumb Code    12  nrfx_gpiote.o(i.port_handler_polarity_get)
    i.queue_process                          0x00003e1c   Section        0  fds.o(i.queue_process)
    queue_process                            0x00003e1d   Thumb Code   154  fds.o(i.queue_process)
    i.queue_read                             0x00003ec0   Section        0  nrf_queue.o(i.queue_read)
    queue_read                               0x00003ec1   Thumb Code   100  nrf_queue.o(i.queue_read)
    i.queue_utilization_get                  0x00003f24   Section        0  nrf_queue.o(i.queue_utilization_get)
    queue_utilization_get                    0x00003f25   Thumb Code    24  nrf_queue.o(i.queue_utilization_get)
    i.record_find                            0x00003f3c   Section        0  fds.o(i.record_find)
    record_find                              0x00003f3d   Thumb Code   134  fds.o(i.record_find)
    i.record_find_by_desc                    0x00003fcc   Section        0  fds.o(i.record_find_by_desc)
    record_find_by_desc                      0x00003fcd   Thumb Code   152  fds.o(i.record_find_by_desc)
    i.record_find_next                       0x0000406c   Section        0  fds.o(i.record_find_next)
    record_find_next                         0x0000406d   Thumb Code    88  fds.o(i.record_find_next)
    i.record_header_flag_dirty               0x000040c8   Section        0  fds.o(i.record_header_flag_dirty)
    record_header_flag_dirty                 0x000040c9   Thumb Code    46  fds.o(i.record_header_flag_dirty)
    i.result_get                             0x00004104   Section        0  nrf_hw_backend_rng_mbedtls.o(i.result_get)
    result_get                               0x00004105   Thumb Code    34  nrf_hw_backend_rng_mbedtls.o(i.result_get)
    i.swi_irq_handler                        0x00004128   Section        0  nrfx_swi.o(i.swi_irq_handler)
    swi_irq_handler                          0x00004129   Thumb Code    26  nrfx_swi.o(i.swi_irq_handler)
    i.task_mnanager_info                     0x00004148   Section        0  task_manager.o(i.task_mnanager_info)
    task_mnanager_info                       0x00004149   Thumb Code   244  task_manager.o(i.task_mnanager_info)
    i.task_stack_max_usage_get               0x00004300   Section        0  task_manager.o(i.task_stack_max_usage_get)
    i.terminal_size_get                      0x00004334   Section        0  nrf_cli.o(i.terminal_size_get)
    terminal_size_get                        0x00004335   Thumb Code    96  nrf_cli.o(i.terminal_size_get)
    i.unsigned_print                         0x00004394   Section        0  nrf_fprintf_format.o(i.unsigned_print)
    unsigned_print                           0x00004395   Thumb Code   176  nrf_fprintf_format.o(i.unsigned_print)
    i.vt100_bgcolor_set                      0x00004448   Section        0  nrf_cli.o(i.vt100_bgcolor_set)
    vt100_bgcolor_set                        0x00004449   Thumb Code    48  nrf_cli.o(i.vt100_bgcolor_set)
    i.vt100_color_set                        0x00004484   Section        0  nrf_cli.o(i.vt100_color_set)
    vt100_color_set                          0x00004485   Thumb Code    64  nrf_cli.o(i.vt100_color_set)
    i.write_execute                          0x000044d4   Section        0  fds.o(i.write_execute)
    write_execute                            0x000044d5   Thumb Code   236  fds.o(i.write_execute)
    .constdata                               0x000045cc   Section        2  nrf_drv_rng.o(.constdata)
    m_default_config                         0x000045cc   Data           2  nrf_drv_rng.o(.constdata)
    .constdata                               0x000045d0   Section        4  nrfx_gpiote.o(.constdata)
    .constdata                               0x000045d4   Section       24  nrfx_pdm.o(.constdata)
    .constdata                               0x000045ec   Section       24  fds.o(.constdata)
    m_queue                                  0x000045ec   Data           4  fds.o(.constdata)
    dirty_header                             0x000045f0   Data           4  fds.o(.constdata)
    page_tag_swap                            0x000045f4   Data           8  fds.o(.constdata)
    page_tag_data                            0x000045fc   Data           8  fds.o(.constdata)
    .constdata                               0x00004604   Section        8  nrf_balloc.o(.constdata)
    nrf_balloc_commands                      0x00004604   Data           8  nrf_balloc.o(.constdata)
    .constdata                               0x0000460c   Section       32  nrf_balloc.o(.constdata)
    nrf_balloc_commands_raw                  0x0000460c   Data          32  nrf_balloc.o(.constdata)
    .constdata                               0x0000462c   Section       16  nrf_balloc.o(.constdata)
    .constdata                               0x0000463c   Section        8  nrf_cli.o(.constdata)
    m_sub_colors                             0x0000463c   Data           8  nrf_cli.o(.constdata)
    .constdata                               0x00004644   Section       48  nrf_cli.o(.constdata)
    m_sub_colors_raw                         0x00004644   Data          48  nrf_cli.o(.constdata)
    .constdata                               0x00004674   Section        8  nrf_cli.o(.constdata)
    m_sub_echo                               0x00004674   Data           8  nrf_cli.o(.constdata)
    .constdata                               0x0000467c   Section       48  nrf_cli.o(.constdata)
    m_sub_echo_raw                           0x0000467c   Data          48  nrf_cli.o(.constdata)
    .constdata                               0x000046ac   Section        8  nrf_cli.o(.constdata)
    m_sub_cli_stats                          0x000046ac   Data           8  nrf_cli.o(.constdata)
    .constdata                               0x000046b4   Section       48  nrf_cli.o(.constdata)
    m_sub_cli_stats_raw                      0x000046b4   Data          48  nrf_cli.o(.constdata)
    .constdata                               0x000046e4   Section        8  nrf_cli.o(.constdata)
    m_sub_cli                                0x000046e4   Data           8  nrf_cli.o(.constdata)
    .constdata                               0x000046ec   Section       64  nrf_cli.o(.constdata)
    m_sub_cli_raw                            0x000046ec   Data          64  nrf_cli.o(.constdata)
    .constdata                               0x0000472c   Section        8  nrf_cli.o(.constdata)
    m_sub_resize                             0x0000472c   Data           8  nrf_cli.o(.constdata)
    .constdata                               0x00004734   Section       32  nrf_cli.o(.constdata)
    m_sub_resize_raw                         0x00004734   Data          32  nrf_cli.o(.constdata)
    .constdata                               0x00004754   Section       16  nrf_cli.o(.constdata)
    .constdata                               0x00004764   Section       16  nrf_cli.o(.constdata)
    .constdata                               0x00004774   Section       16  nrf_cli.o(.constdata)
    .constdata                               0x00004784   Section       16  nrf_cli.o(.constdata)
    .constdata                               0x000047a0   Section       71  nrf_cli.o(.constdata)
    cmd                                      0x000047a0   Data           3  nrf_cli.o(.constdata)
    cmd                                      0x000047a3   Data           3  nrf_cli.o(.constdata)
    opt_sep                                  0x000047a6   Data           3  nrf_cli.o(.constdata)
    cmd                                      0x000047a9   Data           4  nrf_cli.o(.constdata)
    cmd                                      0x000047ad   Data           4  nrf_cli.o(.constdata)
    cmd_bspace                               0x000047b1   Data           4  nrf_cli.o(.constdata)
    cmd                                      0x000047b5   Data           4  nrf_cli.o(.constdata)
    cmd_sep                                  0x000047b9   Data           4  nrf_cli.o(.constdata)
    cmd                                      0x000047bd   Data           4  nrf_cli.o(.constdata)
    cmd_get_terminal_size                    0x000047c1   Data           5  nrf_cli.o(.constdata)
    cmd                                      0x000047c6   Data           5  nrf_cli.o(.constdata)
    delay_machine_code                       0x000047d0   Data           6  nrf_cli.o(.constdata)
    cmd                                      0x000047d6   Data           6  nrf_cli.o(.constdata)
    help                                     0x000047dc   Data          11  nrf_cli.o(.constdata)
    .constdata                               0x000047e7   Section       16  nrf_fprintf_format.o(.constdata)
    _aV2C                                    0x000047e7   Data          16  nrf_fprintf_format.o(.constdata)
    .constdata                               0x000047f8   Section        8  nrf_queue.o(.constdata)
    nrf_queue_commands                       0x000047f8   Data           8  nrf_queue.o(.constdata)
    .constdata                               0x00004800   Section       32  nrf_queue.o(.constdata)
    nrf_queue_commands_raw                   0x00004800   Data          32  nrf_queue.o(.constdata)
    .constdata                               0x00004820   Section       16  nrf_queue.o(.constdata)
    .constdata                               0x00004830   Section        8  task_manager.o(.constdata)
    m_sub_task_mngr                          0x00004830   Data           8  task_manager.o(.constdata)
    .constdata                               0x00004838   Section       32  task_manager.o(.constdata)
    m_sub_task_mngr_raw                      0x00004838   Data          32  task_manager.o(.constdata)
    .constdata                               0x00004858   Section       16  task_manager.o(.constdata)
    .constdata                               0x00004868   Section     8744  aes.o(.constdata)
    FSb                                      0x00004868   Data         256  aes.o(.constdata)
    FT0                                      0x00004968   Data        1024  aes.o(.constdata)
    FT1                                      0x00004d68   Data        1024  aes.o(.constdata)
    FT2                                      0x00005168   Data        1024  aes.o(.constdata)
    FT3                                      0x00005568   Data        1024  aes.o(.constdata)
    RSb                                      0x00005968   Data         256  aes.o(.constdata)
    RT0                                      0x00005a68   Data        1024  aes.o(.constdata)
    RT1                                      0x00005e68   Data        1024  aes.o(.constdata)
    RT2                                      0x00006268   Data        1024  aes.o(.constdata)
    RT3                                      0x00006668   Data        1024  aes.o(.constdata)
    RCON                                     0x00006a68   Data          40  aes.o(.constdata)
    .constdata                               0x00006a90   Section      129  ctype_o.o(.constdata)
    .constdata                               0x00006b14   Section        4  ctype_o.o(.constdata)
    table                                    0x00006b14   Data           4  ctype_o.o(.constdata)
    .conststring                             0x00006b18   Section       43  nrf_balloc.o(.conststring)
    .conststring                             0x00006b44   Section       39  nrf_balloc.o(.conststring)
    .conststring                             0x00006b6c   Section      142  nrf_balloc.o(.conststring)
    .conststring                             0x00006bfc   Section       55  nrf_cli.o(.conststring)
    .conststring                             0x00006c34   Section      109  nrf_cli.o(.conststring)
    .conststring                             0x00006ca4   Section      101  nrf_cli.o(.conststring)
    .conststring                             0x00006d0c   Section       82  nrf_cli.o(.conststring)
    .conststring                             0x00006d60   Section       76  nrf_cli.o(.conststring)
    .conststring                             0x00006dac   Section       22  nrf_cli.o(.conststring)
    .conststring                             0x00006dc4   Section       40  nrf_cli.o(.conststring)
    .conststring                             0x00006dec   Section       28  nrf_cli.o(.conststring)
    .conststring                             0x00006e08   Section      167  nrf_cli.o(.conststring)
    .conststring                             0x00006eb0   Section       33  nrf_queue.o(.conststring)
    .conststring                             0x00006ed4   Section        6  nrf_queue.o(.conststring)
    .conststring                             0x00006edc   Section      124  nrf_queue.o(.conststring)
    .conststring                             0x00006f58   Section       17  task_manager.o(.conststring)
    .conststring                             0x00006f6c   Section       41  task_manager.o(.conststring)
    .conststrlit                             0x00006f98   Section       12  nrf_drv_rng.o(.conststrlit)
    cli_command                              0x00006fc4   Section        8  nrf_balloc.o(cli_command)
    __tagsym$$used                           0x00006fc4   Number         0  nrf_balloc.o(cli_command)
    cli_command                              0x00006fcc   Section       32  nrf_cli.o(cli_command)
    __tagsym$$used                           0x00006fcc   Number         0  nrf_cli.o(cli_command)
    __tagsym$$used                           0x00006fd4   Number         0  nrf_cli.o(cli_command)
    __tagsym$$used                           0x00006fdc   Number         0  nrf_cli.o(cli_command)
    __tagsym$$used                           0x00006fe4   Number         0  nrf_cli.o(cli_command)
    cli_command                              0x00006fec   Section        8  nrf_queue.o(cli_command)
    __tagsym$$used                           0x00006fec   Number         0  nrf_queue.o(cli_command)
    cli_command                              0x00006ff4   Section        8  task_manager.o(cli_command)
    __tagsym$$used                           0x00006ff4   Number         0  task_manager.o(cli_command)
    crypto_data                              0x00006ffc   Section        8  nrf_hw_backend_init.o(crypto_data)
    __tagsym$$used                           0x00006ffc   Number         0  nrf_hw_backend_init.o(crypto_data)
    nrf_queue                                0x00007004   Section       24  nrf_drv_rng.o(nrf_queue)
    __tagsym$$used                           0x00007004   Number         0  nrf_drv_rng.o(nrf_queue)
    .data                                    0x20000000   Section        1  nrf_crypto_init.o(.data)
    m_state                                  0x20000000   Data           1  nrf_crypto_init.o(.data)
    .data                                    0x20000004   Section       12  nrf_crypto_rng.o(.data)
    mp_context                               0x20000004   Data           4  nrf_crypto_rng.o(.data)
    m_initialized                            0x20000008   Data           4  nrf_crypto_rng.o(.data)
    m_temp_buffer                            0x2000000c   Data           4  nrf_crypto_rng.o(.data)
    .data                                    0x20000010   Section        3  nrf_drv_rng.o(.data)
    m_rng_cb                                 0x20000010   Data           3  nrf_drv_rng.o(.data)
    .data                                    0x20000014   Section       12  nrfx_clock.o(.data)
    m_clock_cb                               0x20000018   Data           8  nrfx_clock.o(.data)
    .data                                    0x20000020   Section       12  nrfx_power.o(.data)
    m_pofwarn_handler                        0x20000024   Data           4  nrfx_power.o(.data)
    m_sleepevt_handler                       0x20000028   Data           4  nrfx_power.o(.data)
    .data                                    0x2000002c   Section       40  nrfx_prs.o(.data)
    m_prs_box_0                              0x2000002c   Data           8  nrfx_prs.o(.data)
    m_prs_box_1                              0x20000034   Data           8  nrfx_prs.o(.data)
    m_prs_box_2                              0x2000003c   Data           8  nrfx_prs.o(.data)
    m_prs_box_3                              0x20000044   Data           8  nrfx_prs.o(.data)
    m_prs_box_4                              0x2000004c   Data           8  nrfx_prs.o(.data)
    .data                                    0x20000054   Section        8  nrfx_qdec.o(.data)
    m_state                                  0x20000054   Data           1  nrfx_qdec.o(.data)
    m_qdec_event_handler                     0x20000058   Data           4  nrfx_qdec.o(.data)
    .data                                    0x2000005c   Section        8  nrfx_rng.o(.data)
    m_rng_state                              0x2000005c   Data           1  nrfx_rng.o(.data)
    m_rng_hndl                               0x20000060   Data           4  nrfx_rng.o(.data)
    .data                                    0x20000064   Section       16  nrfx_rtc.o(.data)
    m_cb                                     0x20000064   Data           6  nrfx_rtc.o(.data)
    m_handlers                               0x2000006c   Data           8  nrfx_rtc.o(.data)
    .data                                    0x20000074   Section        8  nrfx_wdt.o(.data)
    m_state                                  0x20000074   Data           1  nrfx_wdt.o(.data)
    m_alloc_index                            0x20000075   Data           1  nrfx_wdt.o(.data)
    m_wdt_event_handler                      0x20000078   Data           4  nrfx_wdt.o(.data)
    .data                                    0x2000007c   Section        4  app_util_platform.o(.data)
    m_in_critical_region                     0x2000007c   Data           4  app_util_platform.o(.data)
    .data                                    0x20000080   Section       12  drv_rtc.o(.data)
    m_handlers                               0x20000080   Data           4  drv_rtc.o(.data)
    m_cb                                     0x20000084   Data           8  drv_rtc.o(.data)
    .data                                    0x2000008c   Section       48  fds.o(.data)
    page                                     0x2000008c   Data           2  fds.o(.data)
    m_p_cur_op                               0x20000090   Data           4  fds.o(.data)
    m_iget_ctx                               0x20000094   Data           4  fds.o(.data)
    m_queued_op_cnt                          0x20000098   Data           4  fds.o(.data)
    m_users                                  0x2000009c   Data           4  fds.o(.data)
    m_latest_rec_id                          0x200000a0   Data           4  fds.o(.data)
    tok                                      0x200000a4   Data           8  fds.o(.data)
    m_flags                                  0x200000ac   Data           8  fds.o(.data)
    m_swap_page                              0x200000b4   Data           8  fds.o(.data)
    .data                                    0x200000bc   Section        8  task_manager.o(.data)
    s_guard_region                           0x200000bc   Data           1  task_manager.o(.data)
    s_current_task_id                        0x200000bd   Data           1  task_manager.o(.data)
    s_runnable_tasks_mask                    0x200000c0   Data           4  task_manager.o(.data)
    .data                                    0x200000c4   Section        4  platform_util.o(.data)
    memset_func                              0x200000c4   Data           4  platform_util.o(.data)
    .data                                    0x200000c8   Section        4  system_nrf52.o(.data)
    __tagsym$$used                           0x200000c8   Number         0  system_nrf52.o(.data)
    cli_sorted_cmd_ptrs                      0x200000cc   Section        4  nrf_balloc.o(cli_sorted_cmd_ptrs)
    __tagsym$$used                           0x200000cc   Number         0  nrf_balloc.o(cli_sorted_cmd_ptrs)
    cli_sorted_cmd_ptrs                      0x200000d0   Section       16  nrf_cli.o(cli_sorted_cmd_ptrs)
    __tagsym$$used                           0x200000d0   Number         0  nrf_cli.o(cli_sorted_cmd_ptrs)
    __tagsym$$used                           0x200000d4   Number         0  nrf_cli.o(cli_sorted_cmd_ptrs)
    __tagsym$$used                           0x200000d8   Number         0  nrf_cli.o(cli_sorted_cmd_ptrs)
    __tagsym$$used                           0x200000dc   Number         0  nrf_cli.o(cli_sorted_cmd_ptrs)
    cli_sorted_cmd_ptrs                      0x200000e0   Section        4  nrf_queue.o(cli_sorted_cmd_ptrs)
    __tagsym$$used                           0x200000e0   Number         0  nrf_queue.o(cli_sorted_cmd_ptrs)
    cli_sorted_cmd_ptrs                      0x200000e4   Section        4  task_manager.o(cli_sorted_cmd_ptrs)
    __tagsym$$used                           0x200000e4   Number         0  task_manager.o(cli_sorted_cmd_ptrs)
    fs_data                                  0x200000e8   Section       20  fds.o(fs_data)
    __tagsym$$used                           0x200000e8   Number         0  fds.o(fs_data)
    .bss                                     0x200000fc   Section      324  nrf_crypto_rng.o(.bss)
    m_context                                0x200000fc   Data         324  nrf_crypto_rng.o(.bss)
    .bss                                     0x20000240   Section       65  nrf_drv_rng.o(.bss)
    m_rand_pool_nrf_queue_buffer             0x20000240   Data          65  nrf_drv_rng.o(.bss)
    .bss                                     0x20000284   Section       12  nrf_drv_rng.o(.bss)
    m_rand_pool_nrf_queue_cb                 0x20000284   Data          12  nrf_drv_rng.o(.bss)
    .bss                                     0x20000290   Section       92  nrfx_gpiote.o(.bss)
    m_cb                                     0x20000290   Data          92  nrfx_gpiote.o(.bss)
    .bss                                     0x200002ec   Section       24  nrfx_i2s.o(.bss)
    m_cb                                     0x200002ec   Data          24  nrfx_i2s.o(.bss)
    .bss                                     0x20000304   Section       24  nrfx_pdm.o(.bss)
    m_cb                                     0x20000304   Data          24  nrfx_pdm.o(.bss)
    .bss                                     0x2000031c   Section       24  nrfx_pwm.o(.bss)
    m_cb                                     0x2000031c   Data          24  nrfx_pwm.o(.bss)
    .bss                                     0x20000334   Section       48  nrfx_saadc.o(.bss)
    m_cb                                     0x20000334   Data          48  nrfx_saadc.o(.bss)
    .bss                                     0x20000364   Section       36  nrfx_swi.o(.bss)
    m_swi_flags                              0x20000364   Data          12  nrfx_swi.o(.bss)
    m_swi_handlers                           0x20000370   Data          24  nrfx_swi.o(.bss)
    .bss                                     0x20000388   Section       60  nrfx_timer.o(.bss)
    m_cb                                     0x20000388   Data          60  nrfx_timer.o(.bss)
    .bss                                     0x200003c4   Section       16  fds.o(.bss)
    m_queue_inst                             0x200003c4   Data          16  fds.o(.bss)
    .bss                                     0x200003d4   Section      224  fds.o(.bss)
    desc                                     0x200003d4   Data          12  fds.o(.bss)
    m_cb_table                               0x200003e0   Data          16  fds.o(.bss)
    m_queue_data                             0x200003f0   Data         140  fds.o(.bss)
    m_pages                                  0x2000047c   Data          40  fds.o(.bss)
    m_gc                                     0x200004a4   Data          16  fds.o(.bss)
    .bss                                     0x20000500   Section     3876  task_manager.o(.bss)
    s_task_stacks                            0x20000500   Data        3840  task_manager.o(.bss)
    s_task_state                             0x20001400   Data          36  task_manager.o(.bss)
    STACK                                    0x20001428   Section     8192  arm_startup_nrf52.o(STACK)

    Global Symbols

    Symbol Name                              Value     Ov Type        Size  Object(Section)

    BuildAttributes$$THM_ISAv4$E$P$D$K$B$S$7EM$VFPi3$EXTD16$VFPS$VFMA$PE$A:L22UL41UL21$X:L11$S22US41US21$IEEE1$IW$USESV6$~STKCKD$USESV7$~SHL$OTIME$ROPI$IEEEX$EBA8$MICROLIB$REQ8$EABIv2 0x00000000   Number         0  anon$$obj.o ABSOLUTE
    __ARM_use_no_argv                        0x00000000   Number         0  main.o ABSOLUTE
    __Vectors                                0x00000000   Data           4  arm_startup_nrf52.o(RESET)
    __cpp_initialize__aeabi_                  - Undefined Weak Reference
    __cxa_finalize                            - Undefined Weak Reference
    __decompress                              - Undefined Weak Reference
    _clock_init                               - Undefined Weak Reference
    _microlib_exit                            - Undefined Weak Reference
    nrf_balloc$$Base                          - Undefined Reference
    nrf_balloc$$Limit                         - Undefined Reference
    pwr_mgmt_data0$$Base                      - Undefined Reference
    pwr_mgmt_data0$$Limit                     - Undefined Reference
    pwr_mgmt_data1$$Base                      - Undefined Reference
    pwr_mgmt_data1$$Limit                     - Undefined Reference
    pwr_mgmt_data2$$Base                      - Undefined Reference
    pwr_mgmt_data2$$Limit                     - Undefined Reference
    __Vectors_End                            0x00000200   Data           0  arm_startup_nrf52.o(RESET)
    __Vectors_Size                           0x00000200   Number         0  arm_startup_nrf52.o ABSOLUTE
    __main                                   0x00000201   Thumb Code     0  entry.o(.ARM.Collect$$$$00000000)
    _main_stk                                0x00000201   Thumb Code     0  entry2.o(.ARM.Collect$$$$00000001)
    _main_scatterload                        0x00000205   Thumb Code     0  entry5.o(.ARM.Collect$$$$00000004)
    __main_after_scatterload                 0x00000209   Thumb Code     0  entry5.o(.ARM.Collect$$$$00000004)
    _main_clock                              0x00000209   Thumb Code     0  entry7b.o(.ARM.Collect$$$$00000008)
    _main_cpp_init                           0x00000209   Thumb Code     0  entry8b.o(.ARM.Collect$$$$0000000A)
    _main_init                               0x00000209   Thumb Code     0  entry9a.o(.ARM.Collect$$$$0000000B)
    __rt_final_cpp                           0x00000211   Thumb Code     0  entry10a.o(.ARM.Collect$$$$0000000D)
    __rt_final_exit                          0x00000211   Thumb Code     0  entry11a.o(.ARM.Collect$$$$0000000F)
    HardFault_Handler                        0x00000215   Thumb Code    40  hardfault_handler_keil.o(.emb_text)
    __asm___12_nrf_atfifo_c_51f461e1__nrf_atfifo_wspace_req 0x00000249   Thumb Code    56  nrf_atfifo.o(.emb_text)
    __asm___12_nrf_atfifo_c_51f461e1__nrf_atfifo_wspace_close 0x00000281   Thumb Code    18  nrf_atfifo.o(.emb_text)
    __asm___12_nrf_atfifo_c_51f461e1__nrf_atfifo_rspace_req 0x00000293   Thumb Code    58  nrf_atfifo.o(.emb_text)
    __asm___12_nrf_atfifo_c_51f461e1__nrf_atfifo_rspace_close 0x000002cd   Thumb Code    18  nrf_atfifo.o(.emb_text)
    __asm___12_nrf_atfifo_c_51f461e1__nrf_atfifo_space_clear 0x000002df   Thumb Code    50  nrf_atfifo.o(.emb_text)
    __asm___12_nrf_atomic_c_85ca2469__nrf_atomic_internal_mov 0x00000311   Thumb Code    24  nrf_atomic.o(.emb_text)
    __asm___12_nrf_atomic_c_85ca2469__nrf_atomic_internal_orr 0x00000329   Thumb Code    26  nrf_atomic.o(.emb_text)
    __asm___12_nrf_atomic_c_85ca2469__nrf_atomic_internal_and 0x00000343   Thumb Code    26  nrf_atomic.o(.emb_text)
    __asm___12_nrf_atomic_c_85ca2469__nrf_atomic_internal_eor 0x0000035d   Thumb Code    26  nrf_atomic.o(.emb_text)
    __asm___12_nrf_atomic_c_85ca2469__nrf_atomic_internal_add 0x00000377   Thumb Code    26  nrf_atomic.o(.emb_text)
    __asm___12_nrf_atomic_c_85ca2469__nrf_atomic_internal_sub 0x00000391   Thumb Code    26  nrf_atomic.o(.emb_text)
    __asm___12_nrf_atomic_c_85ca2469__nrf_atomic_internal_cmp_exch 0x000003ab   Thumb Code    42  nrf_atomic.o(.emb_text)
    __asm___12_nrf_atomic_c_85ca2469__nrf_atomic_internal_sub_hs 0x000003d5   Thumb Code    30  nrf_atomic.o(.emb_text)
    Reset_Handler                            0x000003f5   Thumb Code     8  arm_startup_nrf52.o(.text)
    NMI_Handler                              0x000003fd   Thumb Code     2  arm_startup_nrf52.o(.text)
    MemoryManagement_Handler                 0x00000401   Thumb Code     2  arm_startup_nrf52.o(.text)
    BusFault_Handler                         0x00000403   Thumb Code     2  arm_startup_nrf52.o(.text)
    UsageFault_Handler                       0x00000405   Thumb Code     2  arm_startup_nrf52.o(.text)
    SVC_Handler                              0x00000407   Thumb Code     2  arm_startup_nrf52.o(.text)
    DebugMon_Handler                         0x00000409   Thumb Code     2  arm_startup_nrf52.o(.text)
    PendSV_Handler                           0x0000040b   Thumb Code     2  arm_startup_nrf52.o(.text)
    SysTick_Handler                          0x0000040d   Thumb Code     2  arm_startup_nrf52.o(.text)
    CCM_AAR_IRQHandler                       0x0000040f   Thumb Code     0  arm_startup_nrf52.o(.text)
    ECB_IRQHandler                           0x0000040f   Thumb Code     0  arm_startup_nrf52.o(.text)
    FPU_IRQHandler                           0x0000040f   Thumb Code     0  arm_startup_nrf52.o(.text)
    MWU_IRQHandler                           0x0000040f   Thumb Code     0  arm_startup_nrf52.o(.text)
    NFCT_IRQHandler                          0x0000040f   Thumb Code     0  arm_startup_nrf52.o(.text)
    RADIO_IRQHandler                         0x0000040f   Thumb Code     0  arm_startup_nrf52.o(.text)
    TEMP_IRQHandler                          0x0000040f   Thumb Code     0  arm_startup_nrf52.o(.text)
    __rt_ctype_table                         0x00000419   Thumb Code     4  ctype_o.o(.text)
    ____aeabi_memcpy8$ret$move               0x00000421   Thumb Code     0  memmove.o(.text)
    ___aeabi_memmove4$ret                    0x00000421   Thumb Code     0  memmove.o(.text)
    ___aeabi_memmove8$ret                    0x00000421   Thumb Code     0  memmove.o(.text)
    __aeabi_memcpy                           0x00000421   Thumb Code    66  memmove.o(.text)
    __aeabi_memcpy4                          0x00000421   Thumb Code     0  memmove.o(.text)
    __aeabi_memmove                          0x00000421   Thumb Code     0  memmove.o(.text)
    memcpy                                   0x00000421   Thumb Code     0  memmove.o(.text)
    memmove                                  0x00000421   Thumb Code     0  memmove.o(.text)
    __aeabi_memset                           0x00000463   Thumb Code    14  memseta.o(.text)
    __aeabi_memset4                          0x00000463   Thumb Code     0  memseta.o(.text)
    __aeabi_memset8                          0x00000463   Thumb Code     0  memseta.o(.text)
    __aeabi_memclr                           0x00000471   Thumb Code     4  memseta.o(.text)
    __aeabi_memclr4                          0x00000471   Thumb Code     0  memseta.o(.text)
    __aeabi_memclr8                          0x00000471   Thumb Code     0  memseta.o(.text)
    memset                                   0x00000475   Thumb Code    18  memseta.o(.text)
    strlen                                   0x00000487   Thumb Code    14  strlen.o(.text)
    strcmp                                   0x00000495   Thumb Code    28  strcmp.o(.text)
    __scatterload                            0x000004b1   Thumb Code    28  init.o(.text)
    __scatterload_rt2                        0x000004b1   Thumb Code     0  init.o(.text)
    COMP_LPCOMP_IRQHandler                   0x000004d5   Thumb Code     6  nrfx_prs.o(i.COMP_LPCOMP_IRQHandler)
    GPIOTE_IRQHandler                        0x000004e1   Thumb Code   154  nrfx_gpiote.o(i.GPIOTE_IRQHandler)
    HardFault_c_handler                      0x00000585   Thumb Code    22  hardfault_implementation.o(i.HardFault_c_handler)
    HardFault_process                        0x000005a1   Thumb Code    26  hardfault_implementation.o(i.HardFault_process)
    I2S_IRQHandler                           0x000005c5   Thumb Code   260  nrfx_i2s.o(i.I2S_IRQHandler)
    PDM_IRQHandler                           0x000006d1   Thumb Code   224  nrfx_pdm.o(i.PDM_IRQHandler)
    POWER_CLOCK_IRQHandler                   0x000007bd   Thumb Code    14  nrfx_power.o(i.POWER_CLOCK_IRQHandler)
    PWM0_IRQHandler                          0x000007cd   Thumb Code     8  nrfx_pwm.o(i.PWM0_IRQHandler)
    PWM1_IRQHandler                          0x000007dd   Thumb Code     8  nrfx_pwm.o(i.PWM1_IRQHandler)
    PWM2_IRQHandler                          0x000007ed   Thumb Code     8  nrfx_pwm.o(i.PWM2_IRQHandler)
    QDEC_IRQHandler                          0x000007fd   Thumb Code   172  nrfx_qdec.o(i.QDEC_IRQHandler)
    RNG_IRQHandler                           0x000008b9   Thumb Code    26  nrfx_rng.o(i.RNG_IRQHandler)
    RTC0_IRQHandler                          0x000008e1   Thumb Code    10  nrfx_rtc.o(i.RTC0_IRQHandler)
    RTC1_IRQHandler                          0x000008f1   Thumb Code    12  drv_rtc.o(i.RTC1_IRQHandler)
    RTC2_IRQHandler                          0x00000901   Thumb Code    10  nrfx_rtc.o(i.RTC2_IRQHandler)
    SAADC_IRQHandler                         0x00000911   Thumb Code   320  nrfx_saadc.o(i.SAADC_IRQHandler)
    SPIM0_SPIS0_TWIM0_TWIS0_SPI0_TWI0_IRQHandler 0x00000a59   Thumb Code     6  nrfx_prs.o(i.SPIM0_SPIS0_TWIM0_TWIS0_SPI0_TWI0_IRQHandler)
    SPIM1_SPIS1_TWIM1_TWIS1_SPI1_TWI1_IRQHandler 0x00000a65   Thumb Code     6  nrfx_prs.o(i.SPIM1_SPIS1_TWIM1_TWIS1_SPI1_TWI1_IRQHandler)
    SPIM2_SPIS2_SPI2_IRQHandler              0x00000a71   Thumb Code     6  nrfx_prs.o(i.SPIM2_SPIS2_SPI2_IRQHandler)
    SWI0_EGU0_IRQHandler                     0x00000a7d   Thumb Code     6  nrfx_swi.o(i.SWI0_EGU0_IRQHandler)
    SWI1_EGU1_IRQHandler                     0x00000a83   Thumb Code     6  nrfx_swi.o(i.SWI1_EGU1_IRQHandler)
    SWI2_EGU2_IRQHandler                     0x00000a89   Thumb Code     6  nrfx_swi.o(i.SWI2_EGU2_IRQHandler)
    SWI3_EGU3_IRQHandler                     0x00000a8f   Thumb Code     6  nrfx_swi.o(i.SWI3_EGU3_IRQHandler)
    SWI4_EGU4_IRQHandler                     0x00000a95   Thumb Code     6  nrfx_swi.o(i.SWI4_EGU4_IRQHandler)
    SWI5_EGU5_IRQHandler                     0x00000a9b   Thumb Code     6  nrfx_swi.o(i.SWI5_EGU5_IRQHandler)
    SystemInit                               0x00000aa1   Thumb Code   848  system_nrf52.o(i.SystemInit)
    TIMER0_IRQHandler                        0x00000e39   Thumb Code    10  nrfx_timer.o(i.TIMER0_IRQHandler)
    TIMER1_IRQHandler                        0x00000e4d   Thumb Code    10  nrfx_timer.o(i.TIMER1_IRQHandler)
    TIMER2_IRQHandler                        0x00000e61   Thumb Code    10  nrfx_timer.o(i.TIMER2_IRQHandler)
    TIMER3_IRQHandler                        0x00000e75   Thumb Code    10  nrfx_timer.o(i.TIMER3_IRQHandler)
    TIMER4_IRQHandler                        0x00000e89   Thumb Code    10  nrfx_timer.o(i.TIMER4_IRQHandler)
    UARTE0_UART0_IRQHandler                  0x00000e9d   Thumb Code     6  nrfx_prs.o(i.UARTE0_UART0_IRQHandler)
    WDT_IRQHandler                           0x00000ea9   Thumb Code    26  nrfx_wdt.o(i.WDT_IRQHandler)
    __scatterload_copy                       0x00000ecd   Thumb Code    14  handlers.o(i.__scatterload_copy)
    __scatterload_null                       0x00000edb   Thumb Code     2  handlers.o(i.__scatterload_null)
    __scatterload_zeroinit                   0x00000edd   Thumb Code    14  handlers.o(i.__scatterload_zeroinit)
    app_util_critical_region_enter           0x00000f0f   Thumb Code     4  app_util_platform.o(i.app_util_critical_region_enter)
    app_util_critical_region_exit            0x00000f13   Thumb Code     4  app_util_platform.o(i.app_util_critical_region_exit)
    app_util_disable_irq                     0x00000f19   Thumb Code    12  app_util_platform.o(i.app_util_disable_irq)
    app_util_enable_irq                      0x00000f29   Thumb Code    14  app_util_platform.o(i.app_util_enable_irq)
    main                                     0x00001d3f   Thumb Code     2  main.o(i.main)
    mbedtls_aes_crypt_ecb                    0x00001d41   Thumb Code    24  aes.o(i.mbedtls_aes_crypt_ecb)
    mbedtls_aes_free                         0x00001d59   Thumb Code    14  aes.o(i.mbedtls_aes_free)
    mbedtls_aes_init                         0x00001d67   Thumb Code     8  aes.o(i.mbedtls_aes_init)
    mbedtls_aes_setkey_enc                   0x00001d71   Thumb Code   408  aes.o(i.mbedtls_aes_setkey_enc)
    mbedtls_ctr_drbg_free                    0x00001f0d   Thumb Code    30  ctr_drbg.o(i.mbedtls_ctr_drbg_free)
    mbedtls_ctr_drbg_init                    0x00001f2b   Thumb Code     8  ctr_drbg.o(i.mbedtls_ctr_drbg_init)
    mbedtls_ctr_drbg_reseed                  0x00001f33   Thumb Code   130  ctr_drbg.o(i.mbedtls_ctr_drbg_reseed)
    mbedtls_ctr_drbg_seed                    0x00001fb5   Thumb Code    84  ctr_drbg.o(i.mbedtls_ctr_drbg_seed)
    STACK$$Length                            0x00002000   Number         0  anon$$obj.o ABSOLUTE
    mbedtls_internal_aes_decrypt             0x00002009   Thumb Code  1202  aes.o(i.mbedtls_internal_aes_decrypt)
    mbedtls_internal_aes_encrypt             0x000024bd   Thumb Code  1202  aes.o(i.mbedtls_internal_aes_encrypt)
    mbedtls_platform_zeroize                 0x00002971   Thumb Code    16  platform_util.o(i.mbedtls_platform_zeroize)
    nrf_atfifo_item_free                     0x00002a53   Thumb Code    22  nrf_atfifo.o(i.nrf_atfifo_item_free)
    nrf_atfifo_item_get                      0x00002a69   Thumb Code    22  nrf_atfifo.o(i.nrf_atfifo_item_get)
    nrf_atomic_u32_sub                       0x00002a7f   Thumb Code    12  nrf_atomic.o(i.nrf_atomic_u32_sub)
    nrf_cli_cmd_cli_stats                    0x00002c39   Thumb Code    70  nrf_cli.o(i.nrf_cli_cmd_cli_stats)
    nrf_cli_cmd_cli_stats_reset              0x00002ca5   Thumb Code    48  nrf_cli.o(i.nrf_cli_cmd_cli_stats_reset)
    nrf_cli_cmd_cli_stats_show               0x00002cd5   Thumb Code    78  nrf_cli.o(i.nrf_cli_cmd_cli_stats_show)
    nrf_cli_fprintf                          0x0000307d   Thumb Code    80  nrf_cli.o(i.nrf_cli_fprintf)
    nrf_cli_help_print                       0x000030cd   Thumb Code   552  nrf_cli.o(i.nrf_cli_help_print)
    nrf_crypto_is_initializing               0x00003369   Thumb Code    22  nrf_crypto_init.o(i.nrf_crypto_is_initializing)
    nrf_crypto_rng_backend_init              0x00003385   Thumb Code    46  nrf_hw_backend_rng_mbedtls.o(i.nrf_crypto_rng_backend_init)
    nrf_crypto_rng_backend_uninit            0x000033b9   Thumb Code    16  nrf_hw_backend_rng_mbedtls.o(i.nrf_crypto_rng_backend_uninit)
    nrf_crypto_rng_init                      0x000033c9   Thumb Code   108  nrf_crypto_rng.o(i.nrf_crypto_rng_init)
    nrf_crypto_rng_uninit                    0x00003445   Thumb Code    44  nrf_crypto_rng.o(i.nrf_crypto_rng_uninit)
    nrf_drv_rng_block_rand                   0x0000347d   Thumb Code    40  nrf_drv_rng.o(i.nrf_drv_rng_block_rand)
    nrf_drv_rng_init                         0x000034a5   Thumb Code    46  nrf_drv_rng.o(i.nrf_drv_rng_init)
    nrf_drv_rng_rand                         0x000034e1   Thumb Code    22  nrf_drv_rng.o(i.nrf_drv_rng_rand)
    nrf_drv_rng_uninit                       0x000034fd   Thumb Code    24  nrf_drv_rng.o(i.nrf_drv_rng_uninit)
    nrf_fprintf                              0x0000351d   Thumb Code    26  nrf_fprintf.o(i.nrf_fprintf)
    nrf_fprintf_buffer_flush                 0x00003537   Thumb Code    24  nrf_fprintf.o(i.nrf_fprintf_buffer_flush)
    nrf_fprintf_fmt                          0x0000354f   Thumb Code   474  nrf_fprintf_format.o(i.nrf_fprintf_fmt)
    nrf_fstorage_erase                       0x00003729   Thumb Code    78  nrf_fstorage.o(i.nrf_fstorage_erase)
    nrf_fstorage_write                       0x00003777   Thumb Code   102  nrf_fstorage.o(i.nrf_fstorage_write)
    nrf_memobj_read                          0x00003873   Thumb Code    16  nrf_memobj.o(i.nrf_memobj_read)
    nrf_queue_is_full                        0x000038db   Thumb Code    30  nrf_queue.o(i.nrf_queue_is_full)
    nrf_queue_max_utilization_get            0x000038f9   Thumb Code     6  nrf_queue.o(i.nrf_queue_max_utilization_get)
    nrf_queue_max_utilization_reset          0x000038ff   Thumb Code     8  nrf_queue.o(i.nrf_queue_max_utilization_reset)
    nrf_queue_push                           0x00003915   Thumb Code   172  nrf_queue.o(i.nrf_queue_push)
    nrf_queue_read                           0x000039c1   Thumb Code    58  nrf_queue.o(i.nrf_queue_read)
    nrf_queue_reset                          0x000039fb   Thumb Code    30  nrf_queue.o(i.nrf_queue_reset)
    nrf_queue_utilization_get                0x00003af9   Thumb Code    28  nrf_queue.o(i.nrf_queue_utilization_get)
    nrfx_clock_irq_handler                   0x00003b75   Thumb Code    82  nrfx_clock.o(i.nrfx_clock_irq_handler)
    nrfx_power_irq_handler                   0x00003bcd   Thumb Code    78  nrfx_power.o(i.nrfx_power_irq_handler)
    nrfx_rng_init                            0x00003c41   Thumb Code    70  nrfx_rng.o(i.nrfx_rng_init)
    nrfx_rng_start                           0x00003c99   Thumb Code    24  nrfx_rng.o(i.nrfx_rng_start)
    nrfx_rng_stop                            0x00003cb9   Thumb Code    14  nrfx_rng.o(i.nrfx_rng_stop)
    nrfx_rng_uninit                          0x00003ccd   Thumb Code    38  nrfx_rng.o(i.nrfx_rng_uninit)
    task_stack_max_usage_get                 0x00004301   Thumb Code    42  task_manager.o(i.task_stack_max_usage_get)
    nrf_cli_balloc_raw                       0x0000462c   Data          16  nrf_balloc.o(.constdata)
    nrf_cli_clear_raw                        0x00004754   Data          16  nrf_cli.o(.constdata)
    nrf_cli_cli_raw                          0x00004764   Data          16  nrf_cli.o(.constdata)
    nrf_cli_history_raw                      0x00004774   Data          16  nrf_cli.o(.constdata)
    nrf_cli_resize_raw                       0x00004784   Data          16  nrf_cli.o(.constdata)
    nrf_cli_queue_raw                        0x00004820   Data          16  nrf_queue.o(.constdata)
    nrf_cli_task_manager_raw                 0x00004858   Data          16  task_manager.o(.constdata)
    __ctype_table                            0x00006a90   Data         129  ctype_o.o(.constdata)
    Region$$Table$$Base                      0x00006fa4   Number         0  anon$$obj.o(Region$$Table)
    Region$$Table$$Limit                     0x00006fc4   Number         0  anon$$obj.o(Region$$Table)
    cli_command$$Base                        0x00006fc4   Number         0  nrf_balloc.o(cli_command)
    nrf_cli_balloc_const                     0x00006fc4   Data           8  nrf_balloc.o(cli_command)
    nrf_cli_clear_const                      0x00006fcc   Data           8  nrf_cli.o(cli_command)
    nrf_cli_cli_const                        0x00006fd4   Data           8  nrf_cli.o(cli_command)
    nrf_cli_history_const                    0x00006fdc   Data           8  nrf_cli.o(cli_command)
    nrf_cli_resize_const                     0x00006fe4   Data           8  nrf_cli.o(cli_command)
    nrf_cli_queue_const                      0x00006fec   Data           8  nrf_queue.o(cli_command)
    nrf_cli_task_manager_const               0x00006ff4   Data           8  task_manager.o(cli_command)
    cli_command$$Limit                       0x00006ffc   Number         0  task_manager.o(cli_command)
    crypto_data$$Base                        0x00006ffc   Number         0  nrf_hw_backend_init.o(crypto_data)
    nrf_hw_backend                           0x00006ffc   Data           8  nrf_hw_backend_init.o(crypto_data)
    crypto_data$$Limit                       0x00007004   Number         0  nrf_hw_backend_init.o(crypto_data)
    m_rand_pool                              0x00007004   Data          24  nrf_drv_rng.o(nrf_queue)
    nrf_queue$$Base                          0x00007004   Number         0  nrf_drv_rng.o(nrf_queue)
    nrf_queue$$Limit                         0x0000701c   Number         0  nrf_drv_rng.o(nrf_queue)
    nrfx_clock_irq_enabled                   0x20000014   Data           1  nrfx_clock.o(.data)
    nrfx_power_irq_enabled                   0x20000020   Data           1  nrfx_power.o(.data)
    SystemCoreClock                          0x200000c8   Data           4  system_nrf52.o(.data)
    balloc_str_ptr                           0x200000cc   Data           4  nrf_balloc.o(cli_sorted_cmd_ptrs)
    cli_sorted_cmd_ptrs$$Base                0x200000cc   Number         0  nrf_balloc.o(cli_sorted_cmd_ptrs)
    clear_str_ptr                            0x200000d0   Data           4  nrf_cli.o(cli_sorted_cmd_ptrs)
    cli_str_ptr                              0x200000d4   Data           4  nrf_cli.o(cli_sorted_cmd_ptrs)
    history_str_ptr                          0x200000d8   Data           4  nrf_cli.o(cli_sorted_cmd_ptrs)
    resize_str_ptr                           0x200000dc   Data           4  nrf_cli.o(cli_sorted_cmd_ptrs)
    queue_str_ptr                            0x200000e0   Data           4  nrf_queue.o(cli_sorted_cmd_ptrs)
    task_manager_str_ptr                     0x200000e4   Data           4  task_manager.o(cli_sorted_cmd_ptrs)
    fs_data$$Base                            0x200000e8   Number         0  fds.o(fs_data)
    m_fs                                     0x200000e8   Data          20  fds.o(fs_data)
    fs_data$$Limit                           0x200000fc   Number         0  fds.o(fs_data)
    STACK$$Base                              0x20001428   Number         0  arm_startup_nrf52.o(STACK)
    STACK$$Limit                             0x20003428   Number         0  arm_startup_nrf52.o(STACK)
    __initial_sp                             0x20003428   Data           0  arm_startup_nrf52.o(STACK)



==============================================================================

Memory Map of the image

  Image Entry point : 0x00000201

  Load Region LR_IROM1 (Base: 0x00000000, Size: 0x00007118, Max: 0x00080000, ABSOLUTE)

    Execution Region ER_IROM1 (Exec base: 0x00000000, Load base: 0x00000000, Size: 0x0000701c, Max: 0x00080000, ABSOLUTE)

    Exec Addr    Load Addr    Size         Type   Attr      Idx    E Section Name        Object

    0x00000000   0x00000000   0x00000200   Data   RO        14341    RESET               arm_startup_nrf52.o
    0x00000200   0x00000200   0x00000000   Code   RO        14592  * .ARM.Collect$$$$00000000  mc_w.l(entry.o)
    0x00000200   0x00000200   0x00000004   Code   RO        14703    .ARM.Collect$$$$00000001  mc_w.l(entry2.o)
    0x00000204   0x00000204   0x00000004   Code   RO        14706    .ARM.Collect$$$$00000004  mc_w.l(entry5.o)
    0x00000208   0x00000208   0x00000000   Code   RO        14708    .ARM.Collect$$$$00000008  mc_w.l(entry7b.o)
    0x00000208   0x00000208   0x00000000   Code   RO        14710    .ARM.Collect$$$$0000000A  mc_w.l(entry8b.o)
    0x00000208   0x00000208   0x00000008   Code   RO        14711    .ARM.Collect$$$$0000000B  mc_w.l(entry9a.o)
    0x00000210   0x00000210   0x00000000   Code   RO        14713    .ARM.Collect$$$$0000000D  mc_w.l(entry10a.o)
    0x00000210   0x00000210   0x00000000   Code   RO        14715    .ARM.Collect$$$$0000000F  mc_w.l(entry11a.o)
    0x00000210   0x00000210   0x00000004   Code   RO        14704    .ARM.Collect$$$$00002712  mc_w.l(entry2.o)
    0x00000214   0x00000214   0x00000034   Code   RO         7925    .emb_text           hardfault_handler_keil.o
    0x00000248   0x00000248   0x000000c8   Code   RO         8593    .emb_text           nrf_atfifo.o
    0x00000310   0x00000310   0x000000e2   Code   RO         8663    .emb_text           nrf_atomic.o
    0x000003f2   0x000003f2   0x00000002   PAD
    0x000003f4   0x000003f4   0x00000024   Code   RO        14342    .text               arm_startup_nrf52.o
    0x00000418   0x00000418   0x00000008   Code   RO        14601    .text               mc_w.l(ctype_o.o)
    0x00000420   0x00000420   0x00000042   Code   RO        14639    .text               mc_w.l(memmove.o)
    0x00000462   0x00000462   0x00000024   Code   RO        14645    .text               mc_w.l(memseta.o)
    0x00000486   0x00000486   0x0000000e   Code   RO        14649    .text               mc_w.l(strlen.o)
    0x00000494   0x00000494   0x0000001c   Code   RO        14651    .text               mc_w.l(strcmp.o)
    0x000004b0   0x000004b0   0x00000024   Code   RO        14722    .text               mc_w.l(init.o)
    0x000004d4   0x000004d4   0x0000000c   Code   RO         3962    i.COMP_LPCOMP_IRQHandler  nrfx_prs.o
    0x000004e0   0x000004e0   0x000000a4   Code   RO         3130    i.GPIOTE_IRQHandler  nrfx_gpiote.o
    0x00000584   0x00000584   0x0000001c   Code   RO         7947    i.HardFault_c_handler  hardfault_implementation.o
    0x000005a0   0x000005a0   0x00000024   Code   RO         7948    i.HardFault_process  hardfault_implementation.o
    0x000005c4   0x000005c4   0x0000010c   Code   RO         3432    i.I2S_IRQHandler    nrfx_i2s.o
    0x000006d0   0x000006d0   0x000000ec   Code   RO         3613    i.PDM_IRQHandler    nrfx_pdm.o
    0x000007bc   0x000007bc   0x0000000e   Code   RO         3713    i.POWER_CLOCK_IRQHandler  nrfx_power.o
    0x000007ca   0x000007ca   0x00000002   PAD
    0x000007cc   0x000007cc   0x00000010   Code   RO         4037    i.PWM0_IRQHandler   nrfx_pwm.o
    0x000007dc   0x000007dc   0x00000010   Code   RO         4038    i.PWM1_IRQHandler   nrfx_pwm.o
    0x000007ec   0x000007ec   0x00000010   Code   RO         4039    i.PWM2_IRQHandler   nrfx_pwm.o
    0x000007fc   0x000007fc   0x000000bc   Code   RO         4159    i.QDEC_IRQHandler   nrfx_qdec.o
    0x000008b8   0x000008b8   0x00000028   Code   RO         4234    i.RNG_IRQHandler    nrfx_rng.o
    0x000008e0   0x000008e0   0x00000010   Code   RO         4294    i.RTC0_IRQHandler   nrfx_rtc.o
    0x000008f0   0x000008f0   0x00000010   Code   RO         7323    i.RTC1_IRQHandler   drv_rtc.o
    0x00000900   0x00000900   0x00000010   Code   RO         4295    i.RTC2_IRQHandler   nrfx_rtc.o
    0x00000910   0x00000910   0x00000148   Code   RO         4415    i.SAADC_IRQHandler  nrfx_saadc.o
    0x00000a58   0x00000a58   0x0000000c   Code   RO         3963    i.SPIM0_SPIS0_TWIM0_TWIS0_SPI0_TWI0_IRQHandler  nrfx_prs.o
    0x00000a64   0x00000a64   0x0000000c   Code   RO         3964    i.SPIM1_SPIS1_TWIM1_TWIS1_SPI1_TWI1_IRQHandler  nrfx_prs.o
    0x00000a70   0x00000a70   0x0000000c   Code   RO         3965    i.SPIM2_SPIS2_SPI2_IRQHandler  nrfx_prs.o
    0x00000a7c   0x00000a7c   0x00000006   Code   RO         4815    i.SWI0_EGU0_IRQHandler  nrfx_swi.o
    0x00000a82   0x00000a82   0x00000006   Code   RO         4816    i.SWI1_EGU1_IRQHandler  nrfx_swi.o
    0x00000a88   0x00000a88   0x00000006   Code   RO         4817    i.SWI2_EGU2_IRQHandler  nrfx_swi.o
    0x00000a8e   0x00000a8e   0x00000006   Code   RO         4818    i.SWI3_EGU3_IRQHandler  nrfx_swi.o
    0x00000a94   0x00000a94   0x00000006   Code   RO         4819    i.SWI4_EGU4_IRQHandler  nrfx_swi.o
    0x00000a9a   0x00000a9a   0x00000006   Code   RO         4820    i.SWI5_EGU5_IRQHandler  nrfx_swi.o
    0x00000aa0   0x00000aa0   0x00000398   Code   RO        14350    i.SystemInit        system_nrf52.o
    0x00000e38   0x00000e38   0x00000014   Code   RO         5007    i.TIMER0_IRQHandler  nrfx_timer.o
    0x00000e4c   0x00000e4c   0x00000014   Code   RO         5008    i.TIMER1_IRQHandler  nrfx_timer.o
    0x00000e60   0x00000e60   0x00000014   Code   RO         5009    i.TIMER2_IRQHandler  nrfx_timer.o
    0x00000e74   0x00000e74   0x00000014   Code   RO         5010    i.TIMER3_IRQHandler  nrfx_timer.o
    0x00000e88   0x00000e88   0x00000014   Code   RO         5011    i.TIMER4_IRQHandler  nrfx_timer.o
    0x00000e9c   0x00000e9c   0x0000000c   Code   RO         3966    i.UARTE0_UART0_IRQHandler  nrfx_prs.o
    0x00000ea8   0x00000ea8   0x00000024   Code   RO         5861    i.WDT_IRQHandler    nrfx_wdt.o
    0x00000ecc   0x00000ecc   0x0000000e   Code   RO        14726    i.__scatterload_copy  mc_w.l(handlers.o)
    0x00000eda   0x00000eda   0x00000002   Code   RO        14727    i.__scatterload_null  mc_w.l(handlers.o)
    0x00000edc   0x00000edc   0x0000000e   Code   RO        14728    i.__scatterload_zeroinit  mc_w.l(handlers.o)
    0x00000eea   0x00000eea   0x0000000c   Code   RO         9647    i.addr_is_aligned32  nrf_fstorage.o
    0x00000ef6   0x00000ef6   0x00000018   Code   RO         9648    i.addr_is_within_bounds  nrf_fstorage.o
    0x00000f0e   0x00000f0e   0x00000004   Code   RO         6960    i.app_util_critical_region_enter  app_util_platform.o
    0x00000f12   0x00000f12   0x00000004   Code   RO         6961    i.app_util_critical_region_exit  app_util_platform.o
    0x00000f16   0x00000f16   0x00000002   PAD
    0x00000f18   0x00000f18   0x00000010   Code   RO         6962    i.app_util_disable_irq  app_util_platform.o
    0x00000f28   0x00000f28   0x00000014   Code   RO         6963    i.app_util_enable_irq  app_util_platform.o
    0x00000f3c   0x00000f3c   0x00000152   Code   RO        12439    i.block_cipher_df   ctr_drbg.o
    0x0000108e   0x0000108e   0x0000002e   Code   RO         9607    i.buffer_add        nrf_fprintf_format.o
    0x000010bc   0x000010bc   0x00000010   Code   RO         3133    i.channel_port_get  nrfx_gpiote.o
    0x000010cc   0x000010cc   0x00000140   Code   RO         8879    i.char_insert       nrf_cli.o
    0x0000120c   0x0000120c   0x00000014   Code   RO         8880    i.cli_clear_eos     nrf_cli.o
    0x00001220   0x00001220   0x00000014   Code   RO         8881    i.cli_cursor_restore  nrf_cli.o
    0x00001234   0x00001234   0x00000014   Code   RO         8882    i.cli_cursor_save   nrf_cli.o
    0x00001248   0x00001248   0x0000000c   Code   RO         8884    i.cli_flag_echo_is_set  nrf_cli.o
    0x00001254   0x00001254   0x0000000e   Code   RO         8885    i.cli_read          nrf_cli.o
    0x00001262   0x00001262   0x0000000a   Code   RO         8888    i.cli_strlen        nrf_cli.o
    0x0000126c   0x0000126c   0x00000058   Code   RO         8891    i.cli_write         nrf_cli.o
    0x000012c4   0x000012c4   0x00000088   Code   RO         8892    i.cmd_get           nrf_cli.o
    0x0000134c   0x0000134c   0x00000026   Code   RO        10082    i.continous_items_get  nrf_queue.o
    0x00001372   0x00001372   0x00000082   Code   RO        12440    i.ctr_drbg_update_internal  ctr_drbg.o
    0x000013f4   0x000013f4   0x00000018   Code   RO         8895    i.cursor_down_move  nrf_cli.o
    0x0000140c   0x0000140c   0x00000026   Code   RO         8898    i.cursor_in_empty_line  nrf_cli.o
    0x00001432   0x00001432   0x00000002   PAD
    0x00001434   0x00001434   0x00000018   Code   RO         8899    i.cursor_left_move  nrf_cli.o
    0x0000144c   0x0000144c   0x0000000c   Code   RO         8900    i.cursor_next_line_move  nrf_cli.o
    0x00001458   0x00001458   0x00000124   Code   RO         8901    i.cursor_position_get  nrf_cli.o
    0x0000157c   0x0000157c   0x00000018   Code   RO         8903    i.cursor_right_move  nrf_cli.o
    0x00001594   0x00001594   0x00000018   Code   RO         8904    i.cursor_up_move    nrf_cli.o
    0x000015ac   0x000015ac   0x0000008c   Code   RO         7507    i.delete_execute    fds.o
    0x00001638   0x00001638   0x0000000e   Code   RO         1940    i.entropy_callback  nrf_hw_backend_rng_mbedtls.o
    0x00001646   0x00001646   0x00000074   Code   RO         7508    i.event_prepare     fds.o
    0x000016ba   0x000016ba   0x00000002   PAD
    0x000016bc   0x000016bc   0x00000020   Code   RO         7509    i.event_send        fds.o
    0x000016dc   0x000016dc   0x000000f2   Code   RO         8905    i.format_offset_string_print  nrf_cli.o
    0x000017ce   0x000017ce   0x00000006   Code   RO         7529    i.fs_event_handler  fds.o
    0x000017d4   0x000017d4   0x00000026   Code   RO         8906    i.full_line_cmd     nrf_cli.o
    0x000017fa   0x000017fa   0x00000002   PAD
    0x000017fc   0x000017fc   0x00000080   Code   RO         7530    i.gc_execute        fds.o
    0x0000187c   0x0000187c   0x0000004c   Code   RO         7531    i.gc_next_page      fds.o
    0x000018c8   0x000018c8   0x00000040   Code   RO         7532    i.gc_page_erase     fds.o
    0x00001908   0x00001908   0x00000034   Code   RO         7533    i.gc_record_copy    fds.o
    0x0000193c   0x0000193c   0x00000024   Code   RO         7534    i.gc_record_find_next  fds.o
    0x00001960   0x00001960   0x00000070   Code   RO         7535    i.gc_state_advance  fds.o
    0x000019d0   0x000019d0   0x00000030   Code   RO         7536    i.gc_swap_pages     fds.o
    0x00001a00   0x00001a00   0x0000002c   Code   RO         7537    i.header_check      fds.o
    0x00001a2c   0x00001a2c   0x00000012   Code   RO         7538    i.header_has_next   fds.o
    0x00001a3e   0x00001a3e   0x00000002   PAD
    0x00001a40   0x00001a40   0x000000c8   Code   RO         7539    i.init_execute      fds.o
    0x00001b08   0x00001b08   0x000000a6   Code   RO         9608    i.int_print         nrf_fprintf_format.o
    0x00001bae   0x00001bae   0x0000009c   Code   RO         4041    i.irq_handler       nrfx_pwm.o
    0x00001c4a   0x00001c4a   0x00000002   PAD
    0x00001c4c   0x00001c4c   0x000000a0   Code   RO         4296    i.irq_handler       nrfx_rtc.o
    0x00001cec   0x00001cec   0x00000046   Code   RO         5012    i.irq_handler       nrfx_timer.o
    0x00001d32   0x00001d32   0x0000000c   Code   RO         7540    i.is_word_aligned   fds.o
    0x00001d3e   0x00001d3e   0x00000002   Code   RO            4    i.main              main.o
    0x00001d40   0x00001d40   0x00000018   Code   RO        10743    i.mbedtls_aes_crypt_ecb  aes.o
    0x00001d58   0x00001d58   0x0000000e   Code   RO        10748    i.mbedtls_aes_free  aes.o
    0x00001d66   0x00001d66   0x00000008   Code   RO        10749    i.mbedtls_aes_init  aes.o
    0x00001d6e   0x00001d6e   0x00000002   PAD
    0x00001d70   0x00001d70   0x0000019c   Code   RO        10751    i.mbedtls_aes_setkey_enc  aes.o
    0x00001f0c   0x00001f0c   0x0000001e   Code   RO        12441    i.mbedtls_ctr_drbg_free  ctr_drbg.o
    0x00001f2a   0x00001f2a   0x00000008   Code   RO        12442    i.mbedtls_ctr_drbg_init  ctr_drbg.o
    0x00001f32   0x00001f32   0x00000082   Code   RO        12445    i.mbedtls_ctr_drbg_reseed  ctr_drbg.o
    0x00001fb4   0x00001fb4   0x00000054   Code   RO        12446    i.mbedtls_ctr_drbg_seed  ctr_drbg.o
    0x00002008   0x00002008   0x000004b2   Code   RO        10758    i.mbedtls_internal_aes_decrypt  aes.o
    0x000024ba   0x000024ba   0x00000002   PAD
    0x000024bc   0x000024bc   0x000004b2   Code   RO        10759    i.mbedtls_internal_aes_encrypt  aes.o
    0x0000296e   0x0000296e   0x00000002   PAD
    0x00002970   0x00002970   0x00000014   Code   RO        13930    i.mbedtls_platform_zeroize  platform_util.o
    0x00002984   0x00002984   0x0000007e   Code   RO         9947    i.memobj_op         nrf_memobj.o
    0x00002a02   0x00002a02   0x00000050   Code   RO         8913    i.multiline_console_data_check  nrf_cli.o
    0x00002a52   0x00002a52   0x00000016   Code   RO         8599    i.nrf_atfifo_item_free  nrf_atfifo.o
    0x00002a68   0x00002a68   0x00000016   Code   RO         8600    i.nrf_atfifo_item_get  nrf_atfifo.o
    0x00002a7e   0x00002a7e   0x0000000c   Code   RO         8680    i.nrf_atomic_u32_sub  nrf_atomic.o
    0x00002a8a   0x00002a8a   0x00000002   PAD
    0x00002a8c   0x00002a8c   0x000000c8   Code   RO         8802    i.nrf_balloc_status  nrf_balloc.o
    0x00002b54   0x00002b54   0x00000010   Code   RO         3134    i.nrf_bitmask_bit_is_set  nrfx_gpiote.o
    0x00002b64   0x00002b64   0x0000004c   Code   RO         8914    i.nrf_cli_build_in_cmd_common_executed  nrf_cli.o
    0x00002bb0   0x00002bb0   0x00000044   Code   RO         8915    i.nrf_cli_cmd_clear  nrf_cli.o
    0x00002bf4   0x00002bf4   0x00000044   Code   RO         8916    i.nrf_cli_cmd_cli   nrf_cli.o
    0x00002c38   0x00002c38   0x0000006c   Code   RO         8917    i.nrf_cli_cmd_cli_stats  nrf_cli.o
    0x00002ca4   0x00002ca4   0x00000030   Code   RO         8918    i.nrf_cli_cmd_cli_stats_reset  nrf_cli.o
    0x00002cd4   0x00002cd4   0x00000088   Code   RO         8919    i.nrf_cli_cmd_cli_stats_show  nrf_cli.o
    0x00002d5c   0x00002d5c   0x00000068   Code   RO         8920    i.nrf_cli_cmd_colors  nrf_cli.o
    0x00002dc4   0x00002dc4   0x0000002a   Code   RO         8921    i.nrf_cli_cmd_colors_off  nrf_cli.o
    0x00002dee   0x00002dee   0x0000002a   Code   RO         8922    i.nrf_cli_cmd_colors_on  nrf_cli.o
    0x00002e18   0x00002e18   0x00000098   Code   RO         8923    i.nrf_cli_cmd_echo  nrf_cli.o
    0x00002eb0   0x00002eb0   0x0000002a   Code   RO         8924    i.nrf_cli_cmd_echo_off  nrf_cli.o
    0x00002eda   0x00002eda   0x0000002a   Code   RO         8925    i.nrf_cli_cmd_echo_on  nrf_cli.o
    0x00002f04   0x00002f04   0x00000078   Code   RO         8926    i.nrf_cli_cmd_history  nrf_cli.o
    0x00002f7c   0x00002f7c   0x000000c4   Code   RO         8927    i.nrf_cli_cmd_resize  nrf_cli.o
    0x00003040   0x00003040   0x0000003c   Code   RO         8928    i.nrf_cli_cmd_resize_default  nrf_cli.o
    0x0000307c   0x0000307c   0x00000050   Code   RO         8929    i.nrf_cli_fprintf   nrf_cli.o
    0x000030cc   0x000030cc   0x0000027c   Code   RO         8930    i.nrf_cli_help_print  nrf_cli.o
    0x00003348   0x00003348   0x0000000e   Code   RO         2904    i.nrf_clock_event_check  nrfx_clock.o
    0x00003356   0x00003356   0x00000010   Code   RO         2905    i.nrf_clock_event_clear  nrfx_clock.o
    0x00003366   0x00003366   0x00000002   PAD
    0x00003368   0x00003368   0x0000001c   Code   RO         1181    i.nrf_crypto_is_initializing  nrf_crypto_init.o
    0x00003384   0x00003384   0x00000034   Code   RO         1941    i.nrf_crypto_rng_backend_init  nrf_hw_backend_rng_mbedtls.o
    0x000033b8   0x000033b8   0x00000010   Code   RO         1943    i.nrf_crypto_rng_backend_uninit  nrf_hw_backend_rng_mbedtls.o
    0x000033c8   0x000033c8   0x0000007c   Code   RO         1227    i.nrf_crypto_rng_init  nrf_crypto_rng.o
    0x00003444   0x00003444   0x00000038   Code   RO         1229    i.nrf_crypto_rng_uninit  nrf_crypto_rng.o
    0x0000347c   0x0000347c   0x00000028   Code   RO         2279    i.nrf_drv_rng_block_rand  nrf_drv_rng.o
    0x000034a4   0x000034a4   0x0000003c   Code   RO         2281    i.nrf_drv_rng_init  nrf_drv_rng.o
    0x000034e0   0x000034e0   0x0000001c   Code   RO         2282    i.nrf_drv_rng_rand  nrf_drv_rng.o
    0x000034fc   0x000034fc   0x00000020   Code   RO         2283    i.nrf_drv_rng_uninit  nrf_drv_rng.o
    0x0000351c   0x0000351c   0x0000001a   Code   RO         9577    i.nrf_fprintf       nrf_fprintf.o
    0x00003536   0x00003536   0x00000018   Code   RO         9578    i.nrf_fprintf_buffer_flush  nrf_fprintf.o
    0x0000354e   0x0000354e   0x000001da   Code   RO         9609    i.nrf_fprintf_fmt   nrf_fprintf_format.o
    0x00003728   0x00003728   0x0000004e   Code   RO         9649    i.nrf_fstorage_erase  nrf_fstorage.o
    0x00003776   0x00003776   0x00000066   Code   RO         9656    i.nrf_fstorage_write  nrf_fstorage.o
    0x000037dc   0x000037dc   0x00000022   Code   RO         3137    i.nrf_gpio_cfg_sense_set  nrfx_gpiote.o
    0x000037fe   0x000037fe   0x00000002   PAD
    0x00003800   0x00003800   0x0000002c   Code   RO         3138    i.nrf_gpio_latches_read_and_clear  nrfx_gpiote.o
    0x0000382c   0x0000382c   0x00000014   Code   RO         3140    i.nrf_gpiote_event_clear  nrfx_gpiote.o
    0x00003840   0x00003840   0x00000010   Code   RO         3141    i.nrf_gpiote_event_is_set  nrfx_gpiote.o
    0x00003850   0x00003850   0x00000008   Code   RO         1891    i.nrf_hw_backend_init  nrf_hw_backend_init.o
    0x00003858   0x00003858   0x00000004   Code   RO         1892    i.nrf_hw_backend_uninit  nrf_hw_backend_init.o
    0x0000385c   0x0000385c   0x0000000a   Code   RO         3437    i.nrf_i2s_event_check  nrfx_i2s.o
    0x00003866   0x00003866   0x0000000c   Code   RO         3438    i.nrf_i2s_event_clear  nrfx_i2s.o
    0x00003872   0x00003872   0x00000010   Code   RO         9953    i.nrf_memobj_read   nrf_memobj.o
    0x00003882   0x00003882   0x00000002   PAD
    0x00003884   0x00003884   0x00000010   Code   RO         3616    i.nrf_pdm_event_check  nrfx_pdm.o
    0x00003894   0x00003894   0x00000014   Code   RO         3617    i.nrf_pdm_event_clear  nrfx_pdm.o
    0x000038a8   0x000038a8   0x0000001c   Code   RO         3714    i.nrf_power_event_get_and_clear  nrfx_power.o
    0x000038c4   0x000038c4   0x0000000a   Code   RO         4042    i.nrf_pwm_event_check  nrfx_pwm.o
    0x000038ce   0x000038ce   0x0000000c   Code   RO         4043    i.nrf_pwm_event_clear  nrfx_pwm.o
    0x000038da   0x000038da   0x0000001e   Code   RO        10087    i.nrf_queue_is_full  nrf_queue.o
    0x000038f8   0x000038f8   0x00000006   Code   RO        10088    i.nrf_queue_max_utilization_get  nrf_queue.o
    0x000038fe   0x000038fe   0x00000008   Code   RO        10089    i.nrf_queue_max_utilization_reset  nrf_queue.o
    0x00003906   0x00003906   0x0000000e   Code   RO        10090    i.nrf_queue_next_idx  nrf_queue.o
    0x00003914   0x00003914   0x000000ac   Code   RO        10092    i.nrf_queue_push    nrf_queue.o
    0x000039c0   0x000039c0   0x0000003a   Code   RO        10093    i.nrf_queue_read    nrf_queue.o
    0x000039fa   0x000039fa   0x0000001e   Code   RO        10094    i.nrf_queue_reset   nrf_queue.o
    0x00003a18   0x00003a18   0x000000e0   Code   RO        10095    i.nrf_queue_status  nrf_queue.o
    0x00003af8   0x00003af8   0x0000001c   Code   RO        10096    i.nrf_queue_utilization_get  nrf_queue.o
    0x00003b14   0x00003b14   0x0000000c   Code   RO         4297    i.nrf_rtc_event_clear  nrfx_rtc.o
    0x00003b20   0x00003b20   0x00000010   Code   RO         4416    i.nrf_saadc_buffer_init  nrfx_saadc.o
    0x00003b30   0x00003b30   0x00000010   Code   RO         4418    i.nrf_saadc_event_check  nrfx_saadc.o
    0x00003b40   0x00003b40   0x00000014   Code   RO         4419    i.nrf_saadc_event_clear  nrfx_saadc.o
    0x00003b54   0x00003b54   0x00000014   Code   RO         1234    i.nrf_stack_info_overflowed  nrf_crypto_rng.o
    0x00003b68   0x00003b68   0x0000000c   Code   RO         5013    i.nrf_timer_event_clear  nrfx_timer.o
    0x00003b74   0x00003b74   0x00000058   Code   RO         2914    i.nrfx_clock_irq_handler  nrfx_clock.o
    0x00003bcc   0x00003bcc   0x00000054   Code   RO         3716    i.nrfx_power_irq_handler  nrfx_power.o
    0x00003c20   0x00003c20   0x00000020   Code   RO         2284    i.nrfx_rng_handler  nrf_drv_rng.o
    0x00003c40   0x00003c40   0x00000058   Code   RO         4235    i.nrfx_rng_init     nrfx_rng.o
    0x00003c98   0x00003c98   0x00000020   Code   RO         4236    i.nrfx_rng_start    nrfx_rng.o
    0x00003cb8   0x00003cb8   0x00000014   Code   RO         4237    i.nrfx_rng_stop     nrfx_rng.o
    0x00003ccc   0x00003ccc   0x00000030   Code   RO         4238    i.nrfx_rng_uninit   nrfx_rng.o
    0x00003cfc   0x00003cfc   0x0000001c   Code   RO         7542    i.page_offsets_update  fds.o
    0x00003d18   0x00003d18   0x0000001c   Code   RO         7544    i.page_tag_write_data  fds.o
    0x00003d34   0x00003d34   0x00000024   Code   RO         7545    i.page_tag_write_swap  fds.o
    0x00003d58   0x00003d58   0x000000b4   Code   RO         3174    i.port_event_handle  nrfx_gpiote.o
    0x00003e0c   0x00003e0c   0x00000010   Code   RO         3175    i.port_handler_polarity_get  nrfx_gpiote.o
    0x00003e1c   0x00003e1c   0x000000a4   Code   RO         7549    i.queue_process     fds.o
    0x00003ec0   0x00003ec0   0x00000064   Code   RO        10098    i.queue_read        nrf_queue.o
    0x00003f24   0x00003f24   0x00000018   Code   RO        10099    i.queue_utilization_get  nrf_queue.o
    0x00003f3c   0x00003f3c   0x00000090   Code   RO         7551    i.record_find       fds.o
    0x00003fcc   0x00003fcc   0x000000a0   Code   RO         7552    i.record_find_by_desc  fds.o
    0x0000406c   0x0000406c   0x0000005c   Code   RO         7553    i.record_find_next  fds.o
    0x000040c8   0x000040c8   0x0000003c   Code   RO         7554    i.record_header_flag_dirty  fds.o
    0x00004104   0x00004104   0x00000022   Code   RO         1945    i.result_get        nrf_hw_backend_rng_mbedtls.o
    0x00004126   0x00004126   0x00000002   PAD
    0x00004128   0x00004128   0x00000020   Code   RO         4831    i.swi_irq_handler   nrfx_swi.o
    0x00004148   0x00004148   0x000001b8   Code   RO        10600    i.task_mnanager_info  task_manager.o
    0x00004300   0x00004300   0x00000034   Code   RO        10602    i.task_stack_max_usage_get  task_manager.o
    0x00004334   0x00004334   0x00000060   Code   RO         8941    i.terminal_size_get  nrf_cli.o
    0x00004394   0x00004394   0x000000b4   Code   RO         9610    i.unsigned_print    nrf_fprintf_format.o
    0x00004448   0x00004448   0x0000003c   Code   RO         8942    i.vt100_bgcolor_set  nrf_cli.o
    0x00004484   0x00004484   0x00000050   Code   RO         8943    i.vt100_color_set   nrf_cli.o
    0x000044d4   0x000044d4   0x000000f8   Code   RO         7557    i.write_execute     fds.o
    0x000045cc   0x000045cc   0x00000002   Data   RO         2287    .constdata          nrf_drv_rng.o
    0x000045ce   0x000045ce   0x00000002   PAD
    0x000045d0   0x000045d0   0x00000004   Data   RO         3177    .constdata          nrfx_gpiote.o
    0x000045d4   0x000045d4   0x00000018   Data   RO         3624    .constdata          nrfx_pdm.o
    0x000045ec   0x000045ec   0x00000018   Data   RO         7562    .constdata          fds.o
    0x00004604   0x00004604   0x00000008   Data   RO         8803    .constdata          nrf_balloc.o
    0x0000460c   0x0000460c   0x00000020   Data   RO         8804    .constdata          nrf_balloc.o
    0x0000462c   0x0000462c   0x00000010   Data   RO         8805    .constdata          nrf_balloc.o
    0x0000463c   0x0000463c   0x00000008   Data   RO         8944    .constdata          nrf_cli.o
    0x00004644   0x00004644   0x00000030   Data   RO         8945    .constdata          nrf_cli.o
    0x00004674   0x00004674   0x00000008   Data   RO         8946    .constdata          nrf_cli.o
    0x0000467c   0x0000467c   0x00000030   Data   RO         8947    .constdata          nrf_cli.o
    0x000046ac   0x000046ac   0x00000008   Data   RO         8948    .constdata          nrf_cli.o
    0x000046b4   0x000046b4   0x00000030   Data   RO         8949    .constdata          nrf_cli.o
    0x000046e4   0x000046e4   0x00000008   Data   RO         8950    .constdata          nrf_cli.o
    0x000046ec   0x000046ec   0x00000040   Data   RO         8951    .constdata          nrf_cli.o
    0x0000472c   0x0000472c   0x00000008   Data   RO         8952    .constdata          nrf_cli.o
    0x00004734   0x00004734   0x00000020   Data   RO         8953    .constdata          nrf_cli.o
    0x00004754   0x00004754   0x00000010   Data   RO         8954    .constdata          nrf_cli.o
    0x00004764   0x00004764   0x00000010   Data   RO         8955    .constdata          nrf_cli.o
    0x00004774   0x00004774   0x00000010   Data   RO         8956    .constdata          nrf_cli.o
    0x00004784   0x00004784   0x00000010   Data   RO         8957    .constdata          nrf_cli.o
    0x00004794   0x00004794   0x0000000c   PAD
    0x000047a0   0x000047a0   0x00000047   Data   RO         8958    .constdata          nrf_cli.o
    0x000047e7   0x000047e7   0x00000010   Data   RO         9611    .constdata          nrf_fprintf_format.o
    0x000047f7   0x000047f7   0x00000001   PAD
    0x000047f8   0x000047f8   0x00000008   Data   RO        10101    .constdata          nrf_queue.o
    0x00004800   0x00004800   0x00000020   Data   RO        10102    .constdata          nrf_queue.o
    0x00004820   0x00004820   0x00000010   Data   RO        10103    .constdata          nrf_queue.o
    0x00004830   0x00004830   0x00000008   Data   RO        10607    .constdata          task_manager.o
    0x00004838   0x00004838   0x00000020   Data   RO        10608    .constdata          task_manager.o
    0x00004858   0x00004858   0x00000010   Data   RO        10609    .constdata          task_manager.o
    0x00004868   0x00004868   0x00002228   Data   RO        10760    .constdata          aes.o
    0x00006a90   0x00006a90   0x00000081   Data   RO        14602    .constdata          mc_w.l(ctype_o.o)
    0x00006b11   0x00006b11   0x00000003   PAD
    0x00006b14   0x00006b14   0x00000004   Data   RO        14603    .constdata          mc_w.l(ctype_o.o)
    0x00006b18   0x00006b18   0x0000002b   Data   RO         8806    .conststring        nrf_balloc.o
    0x00006b43   0x00006b43   0x00000001   PAD
    0x00006b44   0x00006b44   0x00000027   Data   RO         8807    .conststring        nrf_balloc.o
    0x00006b6b   0x00006b6b   0x00000001   PAD
    0x00006b6c   0x00006b6c   0x0000008e   Data   RO         8808    .conststring        nrf_balloc.o
    0x00006bfa   0x00006bfa   0x00000002   PAD
    0x00006bfc   0x00006bfc   0x00000037   Data   RO         8959    .conststring        nrf_cli.o
    0x00006c33   0x00006c33   0x00000001   PAD
    0x00006c34   0x00006c34   0x0000006d   Data   RO         8960    .conststring        nrf_cli.o
    0x00006ca1   0x00006ca1   0x00000003   PAD
    0x00006ca4   0x00006ca4   0x00000065   Data   RO         8961    .conststring        nrf_cli.o
    0x00006d09   0x00006d09   0x00000003   PAD
    0x00006d0c   0x00006d0c   0x00000052   Data   RO         8962    .conststring        nrf_cli.o
    0x00006d5e   0x00006d5e   0x00000002   PAD
    0x00006d60   0x00006d60   0x0000004c   Data   RO         8963    .conststring        nrf_cli.o
    0x00006dac   0x00006dac   0x00000016   Data   RO         8964    .conststring        nrf_cli.o
    0x00006dc2   0x00006dc2   0x00000002   PAD
    0x00006dc4   0x00006dc4   0x00000028   Data   RO         8965    .conststring        nrf_cli.o
    0x00006dec   0x00006dec   0x0000001c   Data   RO         8966    .conststring        nrf_cli.o
    0x00006e08   0x00006e08   0x000000a7   Data   RO         8967    .conststring        nrf_cli.o
    0x00006eaf   0x00006eaf   0x00000001   PAD
    0x00006eb0   0x00006eb0   0x00000021   Data   RO        10104    .conststring        nrf_queue.o
    0x00006ed1   0x00006ed1   0x00000003   PAD
    0x00006ed4   0x00006ed4   0x00000006   Data   RO        10105    .conststring        nrf_queue.o
    0x00006eda   0x00006eda   0x00000002   PAD
    0x00006edc   0x00006edc   0x0000007c   Data   RO        10106    .conststring        nrf_queue.o
    0x00006f58   0x00006f58   0x00000011   Data   RO        10610    .conststring        task_manager.o
    0x00006f69   0x00006f69   0x00000003   PAD
    0x00006f6c   0x00006f6c   0x00000029   Data   RO        10611    .conststring        task_manager.o
    0x00006f95   0x00006f95   0x00000003   PAD
    0x00006f98   0x00006f98   0x0000000c   Data   RO         2290    .conststrlit        nrf_drv_rng.o
    0x00006fa4   0x00006fa4   0x00000020   Data   RO        14724    Region$$Table       anon$$obj.o
    0x00006fc4   0x00006fc4   0x00000008   Data   RO         8809    cli_command         nrf_balloc.o
    0x00006fcc   0x00006fcc   0x00000020   Data   RO         8970    cli_command         nrf_cli.o
    0x00006fec   0x00006fec   0x00000008   Data   RO        10107    cli_command         nrf_queue.o
    0x00006ff4   0x00006ff4   0x00000008   Data   RO        10613    cli_command         task_manager.o
    0x00006ffc   0x00006ffc   0x00000008   Data   RO         1893    crypto_data         nrf_hw_backend_init.o
    0x00007004   0x00007004   0x00000018   Data   RO         2292    nrf_queue           nrf_drv_rng.o


    Execution Region RW_IRAM1 (Exec base: 0x20000000, Load base: 0x0000701c, Size: 0x00003428, Max: 0x00010000, ABSOLUTE)

    Exec Addr    Load Addr    Size         Type   Attr      Idx    E Section Name        Object

    0x20000000   0x0000701c   0x00000001   Data   RW         1183    .data               nrf_crypto_init.o
    0x20000001   0x0000701d   0x00000003   PAD
    0x20000004   0x00007020   0x0000000c   Data   RW         1237    .data               nrf_crypto_rng.o
    0x20000010   0x0000702c   0x00000003   Data   RW         2291    .data               nrf_drv_rng.o
    0x20000013   0x0000702f   0x00000001   PAD
    0x20000014   0x00007030   0x0000000c   Data   RW         2921    .data               nrfx_clock.o
    0x20000020   0x0000703c   0x0000000c   Data   RW         3727    .data               nrfx_power.o
    0x2000002c   0x00007048   0x00000028   Data   RW         3971    .data               nrfx_prs.o
    0x20000054   0x00007070   0x00000008   Data   RW         4167    .data               nrfx_qdec.o
    0x2000005c   0x00007078   0x00000008   Data   RW         4239    .data               nrfx_rng.o
    0x20000064   0x00007080   0x00000010   Data   RW         4312    .data               nrfx_rtc.o
    0x20000074   0x00007090   0x00000008   Data   RW         5869    .data               nrfx_wdt.o
    0x2000007c   0x00007098   0x00000004   Data   RW         6966    .data               app_util_platform.o
    0x20000080   0x0000709c   0x0000000c   Data   RW         7347    .data               drv_rtc.o
    0x2000008c   0x000070a8   0x00000030   Data   RW         7563    .data               fds.o
    0x200000bc   0x000070d8   0x00000008   Data   RW        10612    .data               task_manager.o
    0x200000c4   0x000070e0   0x00000004   Data   RW        13931    .data               platform_util.o
    0x200000c8   0x000070e4   0x00000004   Data   RW        14351    .data               system_nrf52.o
    0x200000cc   0x000070e8   0x00000004   Data   RW         8810    cli_sorted_cmd_ptrs  nrf_balloc.o
    0x200000d0   0x000070ec   0x00000010   Data   RW         8971    cli_sorted_cmd_ptrs  nrf_cli.o
    0x200000e0   0x000070fc   0x00000004   Data   RW        10108    cli_sorted_cmd_ptrs  nrf_queue.o
    0x200000e4   0x00007100   0x00000004   Data   RW        10614    cli_sorted_cmd_ptrs  task_manager.o
    0x200000e8   0x00007104   0x00000014   Data   RW         7564    fs_data             fds.o
    0x200000fc        -       0x00000144   Zero   RW         1235    .bss                nrf_crypto_rng.o
    0x20000240        -       0x00000041   Zero   RW         2285    .bss                nrf_drv_rng.o
    0x20000281   0x00007118   0x00000003   PAD
    0x20000284        -       0x0000000c   Zero   RW         2286    .bss                nrf_drv_rng.o
    0x20000290        -       0x0000005c   Zero   RW         3176    .bss                nrfx_gpiote.o
    0x200002ec        -       0x00000018   Zero   RW         3446    .bss                nrfx_i2s.o
    0x20000304        -       0x00000018   Zero   RW         3623    .bss                nrfx_pdm.o
    0x2000031c        -       0x00000018   Zero   RW         4052    .bss                nrfx_pwm.o
    0x20000334        -       0x00000030   Zero   RW         4434    .bss                nrfx_saadc.o
    0x20000364        -       0x00000024   Zero   RW         4832    .bss                nrfx_swi.o
    0x20000388        -       0x0000003c   Zero   RW         5028    .bss                nrfx_timer.o
    0x200003c4        -       0x00000010   Zero   RW         7560    .bss                fds.o
    0x200003d4        -       0x000000e0   Zero   RW         7561    .bss                fds.o
    0x200004b4   0x00007118   0x0000004c   PAD
    0x20000500        -       0x00000f24   Zero   RW        10606    .bss                task_manager.o
    0x20001424   0x00007118   0x00000004   PAD
    0x20001428        -       0x00002000   Zero   RW        14339    STACK               arm_startup_nrf52.o


==============================================================================

Image component sizes


      Code (inc. data)   RO Data    RW Data    ZI Data      Debug   Object Name

      2862         20       8744          0          0      18977   aes.o
         0          0          0          0          0      32120   app_error_weak.o
         0          0          0          0          0      36854   app_gpiote.o
         0          0          0          0          0       3232   app_timer2.o
        44         10          0          4          0       3012   app_util_platform.o
        36          8        512          0       8192        872   arm_startup_nrf52.o
       720          0          0          0          0       7825   ctr_drbg.o
        16          4          0         12          0       4717   drv_rtc.o
      2044        202         24         68        240      30195   fds.o
        52         14          0          0          0        556   hardfault_handler_keil.o
        64         16          0          0          0       2894   hardfault_implementation.o
         2          0          0          0          0      39119   main.o
       244          0          0          0          0       3409   nrf_atfifo.o
       238          0          0          0          0       2977   nrf_atomic.o
       200         32        288          4          0      13092   nrf_balloc.o
      3694        590       1127         16          0      38299   nrf_cli.o
         0          0          0          0          0       6890   nrf_cli_uart.o
         0          0          0          0          0        384   nrf_crypto_aead.o
         0          0          0          0          0        868   nrf_crypto_hmac.o
        28          6          0          1          0       1904   nrf_crypto_init.o
       200         32          0         12        324       9326   nrf_crypto_rng.o
       192         34         38          3         77      11770   nrf_drv_rng.o
        50          0          0          0          0       1813   nrf_fprintf.o
       866          4         16          0          0       6274   nrf_fprintf_format.o
       216          0          0          0          0       4565   nrf_fstorage.o
        12          0          8          0          0       2141   nrf_hw_backend_init.o
       116          6          0          0          0       5210   nrf_hw_backend_rng_mbedtls.o
       142          0          0          0          0       2986   nrf_memobj.o
         0          0          0          0          0       1960   nrf_mpu_lib.o
       732         56        227          4          0      11230   nrf_queue.o
         0          0          0          0          0       4412   nrf_twi_sensor.o
       118          6          0         12          0      38852   nrfx_clock.o
         0          0          0          0          0       3356   nrfx_comp.o
       506         38          4          0         92      20538   nrfx_gpiote.o
       290          8          0          0         24      10129   nrfx_i2s.o
       272         20         24          0         24       6861   nrfx_pdm.o
       126          6          0         12          0       9355   nrfx_power.o
        60         30          0         40          0       4235   nrfx_prs.o
       226         24          0          0         24      10754   nrfx_pwm.o
       188         16          0          8          0       6238   nrfx_qdec.o
       228         56          0          8          0       6576   nrfx_rng.o
       204         18          0         16          0       8468   nrfx_rtc.o
       380         22          0          0         48      12964   nrfx_saadc.o
        68          6          0          0         36       6790   nrfx_swi.o
       182         50          0          0         60      12157   nrfx_timer.o
        36         10          0          8          0       3701   nrfx_wdt.o
        20          4          0          4          0       1563   platform_util.o
       920         72          0          4          0      13287   system_nrf52.o
       492        206        122         12       3876       5647   task_manager.o

    ----------------------------------------------------------------------
     17118       1626      11208        252      13100     491354   Object Totals
         0          0         32          0          0          0   (incl. Generated)
        32          0         42          4         83          0   (incl. Padding)

    ----------------------------------------------------------------------

      Code (inc. data)   RO Data    RW Data    ZI Data      Debug   Library Member Name

         8          4        133          0          0         68   ctype_o.o
         0          0          0          0          0          0   entry.o
         0          0          0          0          0          0   entry10a.o
         0          0          0          0          0          0   entry11a.o
         8          4          0          0          0          0   entry2.o
         4          0          0          0          0          0   entry5.o
         0          0          0          0          0          0   entry7b.o
         0          0          0          0          0          0   entry8b.o
         8          4          0          0          0          0   entry9a.o
        30          0          0          0          0          0   handlers.o
        36          8          0          0          0         68   init.o
        66          0          0          0          0         76   memmove.o
        36          0          0          0          0        108   memseta.o
        28          0          0          0          0         76   strcmp.o
        14          0          0          0          0         68   strlen.o

    ----------------------------------------------------------------------
       238         20        136          0          0        464   Library Totals
         0          0          3          0          0          0   (incl. Padding)

    ----------------------------------------------------------------------

      Code (inc. data)   RO Data    RW Data    ZI Data      Debug   Library Name

       238         20        133          0          0        464   mc_w.l

    ----------------------------------------------------------------------
       238         20        136          0          0        464   Library Totals

    ----------------------------------------------------------------------

==============================================================================


      Code (inc. data)   RO Data    RW Data    ZI Data      Debug   

     17356       1646      11344        252      13100     473318   Grand Totals
     17356       1646      11344        252      13100     473318   ELF Image Totals
     17356       1646      11344        252          0          0   ROM Totals

==============================================================================

    Total RO  Size (Code + RO Data)                28700 (  28.03kB)
    Total RW  Size (RW Data + ZI Data)             13352 (  13.04kB)
    Total ROM Size (Code + RO Data + RW Data)      28952 (  28.27kB)

==============================================================================

