<html>
<body>
<pre>
<h1>µVision Build Log</h1>
<h2>Tool Versions:</h2>
IDE-Version: ¦ÌVision V5.28.0.0
Copyright (C) 2019 ARM Ltd and ARM Germany GmbH. All rights reserved.
License Information: Zhao_ch Zhao_ch, Future, LIC=NQQ63-A7UHR-IG47N-YFCNK-4NU0G-FGA70
 
Tool Versions:
Toolchain:       MDK-ARM Plus  Version: 5.28.0.0
Toolchain Path:  C:\Keil\ARM\ARMCC\Bin
C Compiler:      Armcc.exe V5.06 update 6 (build 750)
Assembler:       Armasm.exe V5.06 update 6 (build 750)
Linker/Locator:  ArmLink.exe V5.06 update 6 (build 750)
Library Manager: ArmAr.exe V5.06 update 6 (build 750)
Hex Converter:   FromElf.exe V5.06 update 6 (build 750)
CPU DLL:         
Dialog DLL:      
Target DLL:      Segger\JL2CM3.dll V2.99.36.0
Dialog DLL:      TCM.DLL V1.36.2.0
 
<h2>Project:</h2>
D:\03_WorkSpace\05_Nordic\Nordic_Template_MDK\nRF52\MDK_ARM\Template_pca10040.uvprojx
Project File Date:  07/16/2020

<h2>Output:</h2>
*** Using Compiler 'V5.06 update 6 (build 750)', folder: 'C:\Keil\ARM\ARMCC\Bin'
Build target 'nrf52832_xxaa'
compiling nrf_mpu_lib.c...
compiling nrf_crypto_aead.c...
compiling main.c...
compiling nrf_stack_guard.c...
compiling bsp.c...
compiling boards.c...
compiling nrf_crypto_aes.c...
compiling nrf_crypto_ecc.c...
compiling nrf_crypto_ecdsa.c...
compiling nrf_crypto_aes_shared.c...
compiling nrf_crypto_eddsa.c...
compiling nrf_crypto_ecdh.c...
compiling nrf_crypto_error.c...
compiling nrf_crypto_hash.c...
compiling nrf_crypto_rng.c...
compiling nrf_crypto_init.c...
compiling nrf_crypto_hkdf.c...
compiling nrf_crypto_hmac.c...
compiling nrf_crypto_shared.c...
compiling oberon_backend_ecdsa.c...
compiling oberon_backend_chacha_poly_aead.c...
compiling oberon_backend_ecc.c...
compiling oberon_backend_ecdh.c...
compiling oberon_backend_eddsa.c...
compiling mbedtls_backend_ecc.c...
compiling mbedtls_backend_ecdh.c...
compiling mbedtls_backend_ecdsa.c...
compiling cifra_backend_aes_aead.c...
compiling mbedtls_backend_aes.c...
compiling mbedtls_backend_aes_aead.c...
compiling oberon_backend_hmac.c...
compiling oberon_backend_hash.c...
compiling mbedtls_backend_hash.c...
compiling micro_ecc_backend_ecc.c...
compiling micro_ecc_backend_ecdh.c...
compiling micro_ecc_backend_ecdsa.c...
compiling mbedtls_backend_init.c...
compiling mbedtls_backend_hmac.c...
compiling nrf_hw_backend_rng.c...
compiling nrf_hw_backend_init.c...
compiling nrf_hw_backend_rng_mbedtls.c...
compiling nrf_drv_ppi.c...
compiling nrf_drv_rng.c...
compiling nrf_drv_spi.c...
compiling nrf_drv_power.c...
compiling nrf_drv_clock.c...
compiling nrf_drv_spis.c...
compiling nrf_nvic.c...
compiling nrf_soc.c...
compiling nrf_drv_swi.c...
compiling nrf_nvmc.c...
compiling nrf_drv_uart.c...
compiling nrf_drv_twi.c...
compiling nrfx_atomic.c...
compiling nrfx_clock.c...
compiling nrfx_i2s.c...
compiling nrfx_lpcomp.c...
compiling nrfx_comp.c...
compiling nrfx_gpiote.c...
compiling nrfx_pdm.c...
compiling nrfx_ppi.c...
compiling nrfx_pwm.c...
compiling nrfx_power.c...
compiling nrfx_prs.c...
compiling nrfx_qdec.c...
compiling nrfx_spi.c...
compiling nrfx_rng.c...
compiling nrfx_spim.c...
compiling nrfx_spis.c...
compiling nrfx_saadc.c...
compiling nrfx_rtc.c...
compiling nrfx_systick.c...
compiling nrfx_timer.c...
compiling nrfx_twi.c...
compiling nrfx_twim.c...
compiling nrfx_swi.c...
compiling nrfx_twis.c...
compiling orkney24pts.c...
compiling orkney8pts.c...
compiling app_error.c...
compiling nrfx_wdt.c...
compiling nrf_twi_sensor.c...
compiling nrfx_uarte.c...
compiling nrfx_uart.c...
compiling app_button.c...
compiling app_error_handler_keil.c...
compiling app_fifo.c...
compiling app_error_weak.c...
compiling app_scheduler.c...
compiling app_gpiote.c...
compiling blockwise.c...
compiling cifra_cmac.c...
compiling app_pwm.c...
compiling cifra_eax_aes.c...
compiling app_util_platform.c...
compiling app_timer2.c...
compiling app_sdcard.c...
compiling app_uart_fifo.c...
compiling eax.c...
compiling gf128.c...
compiling fnmatch.c...
compiling crc16.c...
compiling crc32.c...
compiling drv_rtc.c...
compiling hardfault_handler_keil.c...
compiling hardfault_implementation.c...
compiling fds.c...
compiling hci_mem_pool.c...
compiling hci_slip.c...
compiling modes.c...
compiling nrf_assert.c...
compiling mem_manager.c...
compiling hci_transport.c...
compiling led_softblink.c...
compiling nrf_atfifo.c...
compiling low_power_pwm.c...
compiling nrf_atomic.c...
compiling nrf_csense.c...
compiling nrf_fprintf.c...
compiling nrf_cli_uart.c...
compiling nrf_drv_csense.c...
compiling nrf_balloc.c...
compiling nrf_cli.c...
compiling nrf_fprintf_format.c...
compiling nrf_fstorage.c...
compiling nrf_memobj.c...
compiling nrf_fstorage_nvmc.c...
compiling nrf_gfx.c...
compiling nrf_pwr_mgmt.c...
compiling nrf_queue.c...
compiling nrf_ringbuf.c...
compiling nrf_strerror.c...
compiling nrf_sortlist.c...
compiling nrf_section_iter.c...
assembling task_manager_core_keil.s...
compiling nrf_spi_mngr.c...
compiling slip.c...
compiling aesni.c...
compiling nrf_log_frontend.c...
compiling nrf_twi_mngr.c...
compiling aes.c...
compiling arc4.c...
compiling nrf_log_str_formatter.c...
compiling task_manager.c...
compiling aria.c...
compiling base64.c...
compiling blowfish.c...
compiling asn1write.c...
compiling asn1parse.c...
compiling camellia.c...
compiling ccm.c...
compiling chachapoly.c...
compiling certs.c...
compiling chacha20.c...
compiling debug.c...
compiling cipher.c...
compiling bignum.c...
compiling cipher_wrap.c...
compiling cmac.c...
compiling ctr_drbg.c...
compiling des.c...
compiling dhm.c...
compiling ecdh.c...
compiling ecjpake.c...
compiling ecdsa.c...
compiling entropy.c...
compiling entropy_poll.c...
compiling ecp_curves.c...
compiling error.c...
compiling havege.c...
compiling gcm.c...
compiling hmac_drbg.c...
compiling ecp.c...
compiling md2.c...
compiling md4.c...
compiling md.c...
compiling memory_buffer_alloc.c...
compiling net_sockets.c...
compiling md_wrap.c...
compiling nist_kw.c...
compiling oid.c...
compiling md5.c...
compiling padlock.c...
compiling pem.c...
compiling pk.c...
compiling pk_wrap.c...
compiling pkcs12.c...
compiling pkcs5.c...
compiling pkcs11.c...
compiling pkparse.c...
compiling pkwrite.c...
compiling platform.c...
compiling ripemd160.c...
compiling platform_util.c...
compiling rsa.c...
compiling rsa_internal.c...
compiling poly1305.c...
compiling sha1.c...
compiling ssl_cache.c...
compiling ssl_ciphersuites.c...
compiling ssl_cli.c...
compiling sha256.c...
compiling ssl_cookie.c...
compiling ssl_srv.c...
compiling ssl_ticket.c...
compiling ssl_tls.c...
compiling threading.c...
compiling version.c...
compiling x509.c...
compiling x509_create.c...
compiling version_features.c...
compiling sha512.c...
compiling x509_crt.c...
compiling x509_crl.c...
compiling x509_csr.c...
compiling x509write_csr.c...
compiling x509write_crt.c...
compiling xtea.c...
assembling arm_startup_nrf52.s...
compiling system_nrf52.c...
linking...
Program Size: Code=17356 RO-data=11344 RW-data=252 ZI-data=13100  
FromELF: creating hex file...
".\_build\nrf52832_xxaa.axf" - 0 Error(s), 0 Warning(s).

<h2>Software Packages used:</h2>

Package Vendor: ARM
                http://www.keil.com/pack/ARM.CMSIS.5.6.0.pack
                ARM.CMSIS.5.6.0
                CMSIS (Cortex Microcontroller Software Interface Standard)
   * Component: CORE Version: 5.3.0

Package Vendor: NordicSemiconductor
                http://developer.nordicsemi.com/nRF5_SDK/pieces/nRF_DeviceFamilyPack/NordicSemiconductor.nRF_DeviceFamilyPack.8.32.1.pack
                NordicSemiconductor.nRF_DeviceFamilyPack.8.32.1
                Nordic Semiconductor nRF ARM devices Device Family Pack with BSD license.
   * Component: Startup Version: 8.32.1

<h2>Collection of Component include folders:</h2>
  .\RTE\_nrf52832_xxaa
  C:\Users\Zhao_ch\AppData\Local\Arm\Packs\ARM\CMSIS\5.6.0\CMSIS\Core\Include
  C:\Users\Zhao_ch\AppData\Local\Arm\Packs\NordicSemiconductor\nRF_DeviceFamilyPack\8.32.1\Device\Include

<h2>Collection of Component Files used:</h2>

   * Component: ARM::CMSIS:CORE:5.3.0

   * Component: NordicSemiconductor::Device:Startup:8.32.1
      Include file:  Device\Include\system_nrf.h
      Source file:   Device\Source\system_nrf52.c
      Source file:   Device\Source\arm\arm_startup_nrf52.s
      Include file:  Device\Include\system_nrf52.h
Build Time Elapsed:  00:00:41
</pre>
</body>
</html>
